Archive member included to satisfy reference by file (symbol)

/home/mm8/Documents/OS/MM8/MM8-OS/toolchain/i686-elf/lib/gcc/i686-elf/13.3.0/libgcc.a(_udivdi3.o)
                              /home/mm8/Documents/OS/MM8/MM8-OS/build/kernel/c/stdio.obj (__udivdi3)
/home/mm8/Documents/OS/MM8/MM8-OS/toolchain/i686-elf/lib/gcc/i686-elf/13.3.0/libgcc.a(_umoddi3.o)
                              /home/mm8/Documents/OS/MM8/MM8-OS/build/kernel/c/stdio.obj (__umoddi3)

There are no discarded input sections

Memory Configuration

Name             Origin             Length             Attributes
*default*        0x00000000         0xffffffff

Linker script and memory map

LOAD /home/mm8/Documents/OS/MM8/MM8-OS/build/kernel/asm/start.obj
LOAD /home/mm8/Documents/OS/MM8/MM8-OS/build/kernel/asm/arch/i686/gdt.obj
LOAD /home/mm8/Documents/OS/MM8/MM8-OS/build/kernel/asm/arch/i686/idt.obj
LOAD /home/mm8/Documents/OS/MM8/MM8-OS/build/kernel/asm/arch/i686/io.obj
LOAD /home/mm8/Documents/OS/MM8/MM8-OS/build/kernel/asm/arch/i686/isr.obj
LOAD /home/mm8/Documents/OS/MM8/MM8-OS/build/kernel/c/ctype.obj
LOAD /home/mm8/Documents/OS/MM8/MM8-OS/build/kernel/c/disk.obj
LOAD /home/mm8/Documents/OS/MM8/MM8-OS/build/kernel/c/fat.obj
LOAD /home/mm8/Documents/OS/MM8/MM8-OS/build/kernel/c/graphics.obj
LOAD /home/mm8/Documents/OS/MM8/MM8-OS/build/kernel/c/heap.obj
LOAD /home/mm8/Documents/OS/MM8/MM8-OS/build/kernel/c/main.obj
LOAD /home/mm8/Documents/OS/MM8/MM8-OS/build/kernel/c/math.obj
LOAD /home/mm8/Documents/OS/MM8/MM8-OS/build/kernel/c/memory.obj
LOAD /home/mm8/Documents/OS/MM8/MM8-OS/build/kernel/c/stdio.obj
LOAD /home/mm8/Documents/OS/MM8/MM8-OS/build/kernel/c/string.obj
LOAD /home/mm8/Documents/OS/MM8/MM8-OS/build/kernel/c/commands/afk.obj
LOAD /home/mm8/Documents/OS/MM8/MM8-OS/build/kernel/c/commands/color.obj
LOAD /home/mm8/Documents/OS/MM8/MM8-OS/build/kernel/c/commands/command.obj
LOAD /home/mm8/Documents/OS/MM8/MM8-OS/build/kernel/c/commands/credits.obj
LOAD /home/mm8/Documents/OS/MM8/MM8-OS/build/kernel/c/commands/json.obj
LOAD /home/mm8/Documents/OS/MM8/MM8-OS/build/kernel/c/commands/mm8Splash.obj
LOAD /home/mm8/Documents/OS/MM8/MM8-OS/build/kernel/c/hal/hal.obj
LOAD /home/mm8/Documents/OS/MM8/MM8-OS/build/kernel/c/apps/calc/calc.obj
LOAD /home/mm8/Documents/OS/MM8/MM8-OS/build/kernel/c/apps/editor/editor.obj
LOAD /home/mm8/Documents/OS/MM8/MM8-OS/build/kernel/c/arch/i686/gdt.obj
LOAD /home/mm8/Documents/OS/MM8/MM8-OS/build/kernel/c/arch/i686/idt.obj
LOAD /home/mm8/Documents/OS/MM8/MM8-OS/build/kernel/c/arch/i686/io.obj
LOAD /home/mm8/Documents/OS/MM8/MM8-OS/build/kernel/c/arch/i686/irq.obj
LOAD /home/mm8/Documents/OS/MM8/MM8-OS/build/kernel/c/arch/i686/isr.obj
LOAD /home/mm8/Documents/OS/MM8/MM8-OS/build/kernel/c/arch/i686/isrs_gen.obj
LOAD /home/mm8/Documents/OS/MM8/MM8-OS/build/kernel/c/arch/i686/keyboard.obj
LOAD /home/mm8/Documents/OS/MM8/MM8-OS/build/kernel/c/arch/i686/pic.obj
LOAD /home/mm8/Documents/OS/MM8/MM8-OS/build/kernel/c/arch/i686/screen_defs.obj
LOAD /home/mm8/Documents/OS/MM8/MM8-OS/build/kernel/c/libs/cJSON/cJSON.obj
LOAD /home/mm8/Documents/OS/MM8/MM8-OS/toolchain/i686-elf/lib/gcc/i686-elf/13.3.0/libgcc.a
                0x00100000                        phys = 0x100000
                0x00100000                        . = phys

.entry          0x00100000      0x17a
                0x00100000                        __entry_start = .
 *(.entry)
 .entry         0x00100000      0x17a /home/mm8/Documents/OS/MM8/MM8-OS/build/kernel/c/main.obj
                0x00100000                start

.text           0x00100180     0xb4e6
                0x00100180                        __text_start = .
 *(.text)
 .text          0x00100180       0x20 /home/mm8/Documents/OS/MM8/MM8-OS/build/kernel/asm/start.obj
                0x00100180                _start
 .text          0x001001a0       0x25 /home/mm8/Documents/OS/MM8/MM8-OS/build/kernel/asm/arch/i686/gdt.obj
                0x001001a0                i686_GDT_Load
 *fill*         0x001001c5        0xb 
 .text          0x001001d0        0xd /home/mm8/Documents/OS/MM8/MM8-OS/build/kernel/asm/arch/i686/idt.obj
                0x001001d0                i686_IDT_Load
 *fill*         0x001001dd        0x3 
 .text          0x001001e0       0x1d /home/mm8/Documents/OS/MM8/MM8-OS/build/kernel/asm/arch/i686/io.obj
                0x001001e0                i686_outb
                0x001001eb                i686_inb
                0x001001f4                i686_Panic
                0x001001f6                i686_EnableInterrupts
                0x001001f8                i686_DisableInterrupts
                0x001001fa                crash_me
 *fill*         0x001001fd        0x3 
 .text          0x00100200      0xa6d /home/mm8/Documents/OS/MM8/MM8-OS/build/kernel/asm/arch/i686/isr.obj
                0x00100200                i686_ISR0
                0x00100209                i686_ISR1
                0x00100212                i686_ISR2
                0x0010021b                i686_ISR3
                0x00100224                i686_ISR4
                0x0010022d                i686_ISR5
                0x00100236                i686_ISR6
                0x0010023f                i686_ISR7
                0x00100248                i686_ISR8
                0x0010024f                i686_ISR9
                0x00100258                i686_ISR10
                0x0010025f                i686_ISR11
                0x00100266                i686_ISR12
                0x0010026d                i686_ISR13
                0x00100274                i686_ISR14
                0x0010027b                i686_ISR15
                0x00100284                i686_ISR16
                0x0010028d                i686_ISR17
                0x00100294                i686_ISR18
                0x0010029d                i686_ISR19
                0x001002a6                i686_ISR20
                0x001002af                i686_ISR21
                0x001002b6                i686_ISR22
                0x001002bf                i686_ISR23
                0x001002c8                i686_ISR24
                0x001002d1                i686_ISR25
                0x001002da                i686_ISR26
                0x001002e3                i686_ISR27
                0x001002ec                i686_ISR28
                0x001002f5                i686_ISR29
                0x001002fe                i686_ISR30
                0x00100307                i686_ISR31
                0x00100310                i686_ISR32
                0x00100319                i686_ISR33
                0x00100322                i686_ISR34
                0x0010032b                i686_ISR35
                0x00100334                i686_ISR36
                0x0010033d                i686_ISR37
                0x00100346                i686_ISR38
                0x0010034f                i686_ISR39
                0x00100358                i686_ISR40
                0x00100361                i686_ISR41
                0x0010036a                i686_ISR42
                0x00100373                i686_ISR43
                0x0010037c                i686_ISR44
                0x00100385                i686_ISR45
                0x0010038e                i686_ISR46
                0x00100397                i686_ISR47
                0x001003a0                i686_ISR48
                0x001003a9                i686_ISR49
                0x001003b2                i686_ISR50
                0x001003bb                i686_ISR51
                0x001003c4                i686_ISR52
                0x001003cd                i686_ISR53
                0x001003d6                i686_ISR54
                0x001003df                i686_ISR55
                0x001003e8                i686_ISR56
                0x001003f1                i686_ISR57
                0x001003fa                i686_ISR58
                0x00100403                i686_ISR59
                0x0010040c                i686_ISR60
                0x00100415                i686_ISR61
                0x0010041e                i686_ISR62
                0x00100427                i686_ISR63
                0x00100430                i686_ISR64
                0x00100439                i686_ISR65
                0x00100442                i686_ISR66
                0x0010044b                i686_ISR67
                0x00100454                i686_ISR68
                0x0010045d                i686_ISR69
                0x00100466                i686_ISR70
                0x0010046f                i686_ISR71
                0x00100478                i686_ISR72
                0x00100481                i686_ISR73
                0x0010048a                i686_ISR74
                0x00100493                i686_ISR75
                0x0010049c                i686_ISR76
                0x001004a5                i686_ISR77
                0x001004ae                i686_ISR78
                0x001004b7                i686_ISR79
                0x001004c0                i686_ISR80
                0x001004c9                i686_ISR81
                0x001004d2                i686_ISR82
                0x001004db                i686_ISR83
                0x001004e4                i686_ISR84
                0x001004ed                i686_ISR85
                0x001004f6                i686_ISR86
                0x001004ff                i686_ISR87
                0x00100508                i686_ISR88
                0x00100511                i686_ISR89
                0x0010051a                i686_ISR90
                0x00100523                i686_ISR91
                0x0010052c                i686_ISR92
                0x00100535                i686_ISR93
                0x0010053e                i686_ISR94
                0x00100547                i686_ISR95
                0x00100550                i686_ISR96
                0x00100559                i686_ISR97
                0x00100562                i686_ISR98
                0x0010056b                i686_ISR99
                0x00100574                i686_ISR100
                0x0010057d                i686_ISR101
                0x00100586                i686_ISR102
                0x0010058f                i686_ISR103
                0x00100598                i686_ISR104
                0x001005a1                i686_ISR105
                0x001005aa                i686_ISR106
                0x001005b3                i686_ISR107
                0x001005bc                i686_ISR108
                0x001005c5                i686_ISR109
                0x001005ce                i686_ISR110
                0x001005d7                i686_ISR111
                0x001005e0                i686_ISR112
                0x001005e9                i686_ISR113
                0x001005f2                i686_ISR114
                0x001005fb                i686_ISR115
                0x00100604                i686_ISR116
                0x0010060d                i686_ISR117
                0x00100616                i686_ISR118
                0x0010061f                i686_ISR119
                0x00100628                i686_ISR120
                0x00100631                i686_ISR121
                0x0010063a                i686_ISR122
                0x00100643                i686_ISR123
                0x0010064c                i686_ISR124
                0x00100655                i686_ISR125
                0x0010065e                i686_ISR126
                0x00100667                i686_ISR127
                0x00100670                i686_ISR128
                0x0010067c                i686_ISR129
                0x00100688                i686_ISR130
                0x00100694                i686_ISR131
                0x001006a0                i686_ISR132
                0x001006ac                i686_ISR133
                0x001006b8                i686_ISR134
                0x001006c4                i686_ISR135
                0x001006d0                i686_ISR136
                0x001006dc                i686_ISR137
                0x001006e8                i686_ISR138
                0x001006f4                i686_ISR139
                0x00100700                i686_ISR140
                0x0010070c                i686_ISR141
                0x00100718                i686_ISR142
                0x00100724                i686_ISR143
                0x00100730                i686_ISR144
                0x0010073c                i686_ISR145
                0x00100748                i686_ISR146
                0x00100754                i686_ISR147
                0x00100760                i686_ISR148
                0x0010076c                i686_ISR149
                0x00100778                i686_ISR150
                0x00100784                i686_ISR151
                0x00100790                i686_ISR152
                0x0010079c                i686_ISR153
                0x001007a8                i686_ISR154
                0x001007b4                i686_ISR155
                0x001007c0                i686_ISR156
                0x001007cc                i686_ISR157
                0x001007d8                i686_ISR158
                0x001007e4                i686_ISR159
                0x001007f0                i686_ISR160
                0x001007fc                i686_ISR161
                0x00100808                i686_ISR162
                0x00100814                i686_ISR163
                0x00100820                i686_ISR164
                0x0010082c                i686_ISR165
                0x00100838                i686_ISR166
                0x00100844                i686_ISR167
                0x00100850                i686_ISR168
                0x0010085c                i686_ISR169
                0x00100868                i686_ISR170
                0x00100874                i686_ISR171
                0x00100880                i686_ISR172
                0x0010088c                i686_ISR173
                0x00100898                i686_ISR174
                0x001008a4                i686_ISR175
                0x001008b0                i686_ISR176
                0x001008bc                i686_ISR177
                0x001008c8                i686_ISR178
                0x001008d4                i686_ISR179
                0x001008e0                i686_ISR180
                0x001008ec                i686_ISR181
                0x001008f8                i686_ISR182
                0x00100904                i686_ISR183
                0x00100910                i686_ISR184
                0x0010091c                i686_ISR185
                0x00100928                i686_ISR186
                0x00100934                i686_ISR187
                0x00100940                i686_ISR188
                0x0010094c                i686_ISR189
                0x00100958                i686_ISR190
                0x00100964                i686_ISR191
                0x00100970                i686_ISR192
                0x0010097c                i686_ISR193
                0x00100988                i686_ISR194
                0x00100994                i686_ISR195
                0x001009a0                i686_ISR196
                0x001009ac                i686_ISR197
                0x001009b8                i686_ISR198
                0x001009c4                i686_ISR199
                0x001009d0                i686_ISR200
                0x001009dc                i686_ISR201
                0x001009e8                i686_ISR202
                0x001009f4                i686_ISR203
                0x00100a00                i686_ISR204
                0x00100a0c                i686_ISR205
                0x00100a18                i686_ISR206
                0x00100a24                i686_ISR207
                0x00100a30                i686_ISR208
                0x00100a3c                i686_ISR209
                0x00100a48                i686_ISR210
                0x00100a54                i686_ISR211
                0x00100a60                i686_ISR212
                0x00100a6c                i686_ISR213
                0x00100a78                i686_ISR214
                0x00100a84                i686_ISR215
                0x00100a90                i686_ISR216
                0x00100a9c                i686_ISR217
                0x00100aa8                i686_ISR218
                0x00100ab4                i686_ISR219
                0x00100ac0                i686_ISR220
                0x00100acc                i686_ISR221
                0x00100ad8                i686_ISR222
                0x00100ae4                i686_ISR223
                0x00100af0                i686_ISR224
                0x00100afc                i686_ISR225
                0x00100b08                i686_ISR226
                0x00100b14                i686_ISR227
                0x00100b20                i686_ISR228
                0x00100b2c                i686_ISR229
                0x00100b38                i686_ISR230
                0x00100b44                i686_ISR231
                0x00100b50                i686_ISR232
                0x00100b5c                i686_ISR233
                0x00100b68                i686_ISR234
                0x00100b74                i686_ISR235
                0x00100b80                i686_ISR236
                0x00100b8c                i686_ISR237
                0x00100b98                i686_ISR238
                0x00100ba4                i686_ISR239
                0x00100bb0                i686_ISR240
                0x00100bbc                i686_ISR241
                0x00100bc5                i686_ISR242
                0x00100bce                i686_ISR243
                0x00100bd7                i686_ISR244
                0x00100be0                i686_ISR245
                0x00100be9                i686_ISR246
                0x00100bf2                i686_ISR247
                0x00100bfb                i686_ISR248
                0x00100c04                i686_ISR249
                0x00100c0d                i686_ISR250
                0x00100c16                i686_ISR251
                0x00100c1f                i686_ISR252
                0x00100c28                i686_ISR253
                0x00100c31                i686_ISR254
                0x00100c3a                i686_ISR255
 .text          0x00100c6d       0x55 /home/mm8/Documents/OS/MM8/MM8-OS/build/kernel/c/ctype.obj
                0x00100c6d                toupper
                0x00100c89                tolower
                0x00100ca5                isdigit
 .text          0x00100cc2      0x578 /home/mm8/Documents/OS/MM8/MM8-OS/build/kernel/c/disk.obj
                0x00100d2a                DISK_Initialize
                0x00100f22                DISK_ReadSectors
                0x00101099                DISK_WriteSectors
 .text          0x0010123a     0x15b2 /home/mm8/Documents/OS/MM8/MM8-OS/build/kernel/c/fat.obj
                0x0010123a                FAT_ReadBootSector
                0x0010125d                FAT_ReadFat
                0x001012ac                FAT_ClusterToLba
                0x001012e2                FAT_Initialize
                0x0010176a                FAT_OpenEntry
                0x00101906                FAT_NextCluster
                0x00101b52                FAT_Flush
                0x00101bdf                FAT_Write
                0x00101e92                FAT_Read
                0x001020e2                FAT_ReadEntry
                0x00102103                FAT_Seek
                0x001021fd                FAT_Close
                0x001023b5                FAT_FindFile
                0x0010253c                FAT_Open
 .text          0x001027ec       0x8e /home/mm8/Documents/OS/MM8/MM8-OS/build/kernel/c/graphics.obj
                0x001027ec                draw_pixel
 .text          0x0010287a      0x181 /home/mm8/Documents/OS/MM8/MM8-OS/build/kernel/c/heap.obj
                0x0010287a                heap_initialize
                0x001028aa                malloc
                0x00102959                free
                0x0010297a                realloc
 .text          0x001029fb       0xd1 /home/mm8/Documents/OS/MM8/MM8-OS/build/kernel/c/main.obj
                0x001029fb                timer
                0x00102a01                add_to_history
 .text          0x00102acc       0x3e /home/mm8/Documents/OS/MM8/MM8-OS/build/kernel/c/math.obj
                0x00102acc                fabs
                0x00102af5                strtod
 .text          0x00102b0a      0x156 /home/mm8/Documents/OS/MM8/MM8-OS/build/kernel/c/memory.obj
                0x00102b0a                memcpy
                0x00102b4b                memset
                0x00102b7e                memcmp
                0x00102be8                memmove
 .text          0x00102c60      0xd52 /home/mm8/Documents/OS/MM8/MM8-OS/build/kernel/c/stdio.obj
                0x00102d57                putchr
                0x00102db3                putcolor
                0x00102e16                getchr
                0x00102e3c                getcolor
                0x00102e65                setcursor
                0x00102e6b                clrscr
                0x00102f37                scrollback
                0x001030c9                refresh_screen_color
                0x0010323a                view_scrollback_up
                0x001032a6                view_scrollback_down
                0x0010331d                putc
                0x001034ba                puts
                0x001034e9                printf_unsigned
                0x0010358d                printf_signed
                0x001035ea                printf
                0x001038ff                print_buffer
                0x00103998                sprintf
                0x001039a8                sscanf
 .text          0x001039b2      0x175 /home/mm8/Documents/OS/MM8/MM8-OS/build/kernel/c/string.obj
                0x001039b2                strcmp
                0x001039f1                strlen
                0x00103a18                strcpy
                0x00103a52                strncmp
                0x00103ac4                strchr
                0x00103af2                strrchr
 .text          0x00103b27       0x43 /home/mm8/Documents/OS/MM8/MM8-OS/build/kernel/c/commands/afk.obj
                0x00103b27                afk
 .text          0x00103b6a      0x313 /home/mm8/Documents/OS/MM8/MM8-OS/build/kernel/c/commands/color.obj
                0x00103bfc                handle_color
 .text          0x00103e7d      0x366 /home/mm8/Documents/OS/MM8/MM8-OS/build/kernel/c/commands/command.obj
                0x00104025                command_dispatch
 .text          0x001041e3      0x166 /home/mm8/Documents/OS/MM8/MM8-OS/build/kernel/c/commands/credits.obj
                0x001041e3                credits_followers
                0x0010426c                credits_streamers
                0x00104295                credits_gf
                0x001042be                credits_me
                0x00104317                credits
 .text          0x00104349      0x2f9 /home/mm8/Documents/OS/MM8/MM8-OS/build/kernel/c/commands/json.obj
                0x00104349                handle_json_test
 .text          0x00104642       0x4e /home/mm8/Documents/OS/MM8/MM8-OS/build/kernel/c/commands/mm8Splash.obj
                0x00104642                mm8Splash
 .text          0x00104690       0x1d /home/mm8/Documents/OS/MM8/MM8-OS/build/kernel/c/hal/hal.obj
                0x00104690                HAL_Initialize
 .text          0x001046ad      0x45e /home/mm8/Documents/OS/MM8/MM8-OS/build/kernel/c/apps/calc/calc.obj
                0x00104aba                handle_calc
 .text          0x00104b0b      0x540 /home/mm8/Documents/OS/MM8/MM8-OS/build/kernel/c/apps/editor/editor.obj
                0x00104bbf                editor_handle_command
 .text          0x0010504b       0x1d /home/mm8/Documents/OS/MM8/MM8-OS/build/kernel/c/arch/i686/gdt.obj
                0x0010504b                i686_GDT_Initialize
 .text          0x00105068       0xba /home/mm8/Documents/OS/MM8/MM8-OS/build/kernel/c/arch/i686/idt.obj
                0x00105068                i686_IDT_SetGate
                0x001050c9                i686_IDT_EnableGate
                0x001050e9                i686_IDT_DisableGate
                0x00105109                i686_IDT_Initialize
 .text          0x00105122       0x1b /home/mm8/Documents/OS/MM8/MM8-OS/build/kernel/c/arch/i686/io.obj
                0x00105122                i686_iowait
 .text          0x0010513d       0xd9 /home/mm8/Documents/OS/MM8/MM8-OS/build/kernel/c/arch/i686/irq.obj
                0x0010513d                i686_IRQ_Handler
                0x001051af                i686_IRQ_Initialize
                0x001051f2                i686_IRQ_RegisterHandler
 .text          0x00105216      0x1a1 /home/mm8/Documents/OS/MM8/MM8-OS/build/kernel/c/arch/i686/isr.obj
                0x00105216                i686_ISR_Initialize
                0x00105258                i686_ISR_Handler
                0x00105393                i686_ISR_RegisterHandler
 .text          0x001053b7     0x1489 /home/mm8/Documents/OS/MM8/MM8-OS/build/kernel/c/arch/i686/isrs_gen.obj
                0x001053b7                i686_ISR_InitializeGates
 .text          0x00106840      0x5d4 /home/mm8/Documents/OS/MM8/MM8-OS/build/kernel/c/arch/i686/keyboard.obj
                0x001068c3                keyboard_irq_handler
                0x00106cf5                i686_Keyboard_Initialize
                0x00106d30                gets
                0x00106dcc                getch
 .text          0x00106e14      0x2c6 /home/mm8/Documents/OS/MM8/MM8-OS/build/kernel/c/arch/i686/pic.obj
                0x00106e14                i686_PIC_Configure
                0x00106f0c                i686_PIC_SendEndOfInterrupt
                0x00106f3c                i686_PIC_Disable
                0x00106f76                i686_PIC_Mask
                0x00106fd0                i686_PIC_Unmask
                0x0010702c                i686_PIC_ReadIrqRequestRegister
                0x00107083                i686_PIC_ReadInServiceRegister
 .text          0x001070da        0x0 /home/mm8/Documents/OS/MM8/MM8-OS/build/kernel/c/arch/i686/screen_defs.obj
 .text          0x001070da     0x432e /home/mm8/Documents/OS/MM8/MM8-OS/build/kernel/c/libs/cJSON/cJSON.obj
                0x001070da                cJSON_GetErrorPtr
                0x001070ec                cJSON_GetStringValue
                0x00107113                cJSON_GetNumberValue
                0x0010713f                cJSON_Version
                0x00107281                cJSON_InitHooks
                0x00107349                cJSON_Delete
                0x00107664                cJSON_SetNumberHelper
                0x001076e0                cJSON_SetValuestring
                0x001085dd                cJSON_ParseWithOpts
                0x0010861a                cJSON_ParseWithLengthOpts
                0x001087a4                cJSON_Parse
                0x001087be                cJSON_ParseWithLength
                0x00108950                cJSON_Print
                0x0010896d                cJSON_PrintUnformatted
                0x0010898a                cJSON_PrintBuffered
                0x00108a43                cJSON_PrintPreallocated
                0x001098fe                cJSON_GetArraySize
                0x00109983                cJSON_GetArrayItem
                0x00109a4e                cJSON_GetObjectItem
                0x00109a69                cJSON_GetObjectItemCaseSensitive
                0x00109a84                cJSON_HasObjectItem
                0x00109bbf                cJSON_AddItemToArray
                0x00109cb4                cJSON_AddItemToObject
                0x00109cd7                cJSON_AddItemToObjectCS
                0x00109cfa                cJSON_AddItemReferenceToArray
                0x00109d31                cJSON_AddItemReferenceToObject
                0x00109d78                cJSON_AddNullToObject
                0x00109dbf                cJSON_AddTrueToObject
                0x00109e06                cJSON_AddFalseToObject
                0x00109e4d                cJSON_AddBoolToObject
                0x00109e9d                cJSON_AddNumberToObject
                0x00109efc                cJSON_AddStringToObject
                0x00109f4c                cJSON_AddRawToObject
                0x00109f9c                cJSON_AddObjectToObject
                0x00109fe3                cJSON_AddArrayToObject
                0x0010a02a                cJSON_DetachItemViaPointer
                0x0010a0cc                cJSON_DetachItemFromArray
                0x0010a0f9                cJSON_DeleteItemFromArray
                0x0010a11c                cJSON_DetachItemFromObject
                0x0010a149                cJSON_DetachItemFromObjectCaseSensitive
                0x0010a176                cJSON_DeleteItemFromObject
                0x0010a19c                cJSON_DeleteItemFromObjectCaseSensitive
                0x0010a1c2                cJSON_InsertItemInArray
                0x0010a26e                cJSON_ReplaceItemViaPointer
                0x0010a35a                cJSON_ReplaceItemInArray
                0x0010a43a                cJSON_ReplaceItemInObject
                0x0010a455                cJSON_ReplaceItemInObjectCaseSensitive
                0x0010a470                cJSON_CreateNull
                0x0010a49e                cJSON_CreateTrue
                0x0010a4cc                cJSON_CreateFalse
                0x0010a4fa                cJSON_CreateBool
                0x0010a536                cJSON_CreateNumber
                0x0010a5d2                cJSON_CreateString
                0x0010a638                cJSON_CreateStringReference
                0x0010a67a                cJSON_CreateObjectReference
                0x0010a6bc                cJSON_CreateArrayReference
                0x0010a6fe                cJSON_CreateRaw
                0x0010a764                cJSON_CreateArray
                0x0010a792                cJSON_CreateObject
                0x0010a7c0                cJSON_CreateIntArray
                0x0010a8af                cJSON_CreateFloatArray
                0x0010a994                cJSON_CreateDoubleArray
                0x0010aa79                cJSON_CreateStringArray
                0x0010ab58                cJSON_Duplicate
                0x0010ab73                cJSON_Duplicate_rec
                0x0010aeb7                cJSON_Minify
                0x0010af81                cJSON_IsInvalid
                0x0010afa4                cJSON_IsFalse
                0x0010afc8                cJSON_IsTrue
                0x0010afec                cJSON_IsBool
                0x0010b00f                cJSON_IsNull
                0x0010b033                cJSON_IsNumber
                0x0010b057                cJSON_IsString
                0x0010b07b                cJSON_IsArray
                0x0010b09f                cJSON_IsObject
                0x0010b0c3                cJSON_IsRaw
                0x0010b0e9                cJSON_Compare
                0x0010b3d0                cJSON_malloc
                0x0010b3e8                cJSON_free
 *fill*         0x0010b408        0x8 
 .text          0x0010b410      0x11a /home/mm8/Documents/OS/MM8/MM8-OS/toolchain/i686-elf/lib/gcc/i686-elf/13.3.0/libgcc.a(_udivdi3.o)
                0x0010b410                __udivdi3
 *fill*         0x0010b52a        0x6 
 .text          0x0010b530      0x136 /home/mm8/Documents/OS/MM8/MM8-OS/toolchain/i686-elf/lib/gcc/i686-elf/13.3.0/libgcc.a(_umoddi3.o)
                0x0010b530                __umoddi3

.data           0x0010b668       0x44
                0x0010b668                        __data_start = .
 *(.data)
 .data          0x0010b668        0x0 /home/mm8/Documents/OS/MM8/MM8-OS/build/kernel/c/ctype.obj
 .data          0x0010b668        0x0 /home/mm8/Documents/OS/MM8/MM8-OS/build/kernel/c/disk.obj
 .data          0x0010b668        0x0 /home/mm8/Documents/OS/MM8/MM8-OS/build/kernel/c/fat.obj
 .data          0x0010b668        0x0 /home/mm8/Documents/OS/MM8/MM8-OS/build/kernel/c/graphics.obj
 .data          0x0010b668        0x0 /home/mm8/Documents/OS/MM8/MM8-OS/build/kernel/c/heap.obj
 .data          0x0010b668        0x0 /home/mm8/Documents/OS/MM8/MM8-OS/build/kernel/c/main.obj
 .data          0x0010b668        0x0 /home/mm8/Documents/OS/MM8/MM8-OS/build/kernel/c/math.obj
 .data          0x0010b668        0x0 /home/mm8/Documents/OS/MM8/MM8-OS/build/kernel/c/memory.obj
 .data          0x0010b668        0x4 /home/mm8/Documents/OS/MM8/MM8-OS/build/kernel/c/stdio.obj
                0x0010b668                g_ScreenBuffer
 .data          0x0010b66c        0x0 /home/mm8/Documents/OS/MM8/MM8-OS/build/kernel/c/string.obj
 .data          0x0010b66c        0x0 /home/mm8/Documents/OS/MM8/MM8-OS/build/kernel/c/commands/afk.obj
 .data          0x0010b66c        0x0 /home/mm8/Documents/OS/MM8/MM8-OS/build/kernel/c/commands/color.obj
 .data          0x0010b66c        0x0 /home/mm8/Documents/OS/MM8/MM8-OS/build/kernel/c/commands/command.obj
 .data          0x0010b66c        0x0 /home/mm8/Documents/OS/MM8/MM8-OS/build/kernel/c/commands/credits.obj
 .data          0x0010b66c        0x0 /home/mm8/Documents/OS/MM8/MM8-OS/build/kernel/c/commands/json.obj
 .data          0x0010b66c        0x0 /home/mm8/Documents/OS/MM8/MM8-OS/build/kernel/c/commands/mm8Splash.obj
 .data          0x0010b66c        0x0 /home/mm8/Documents/OS/MM8/MM8-OS/build/kernel/c/hal/hal.obj
 .data          0x0010b66c        0x0 /home/mm8/Documents/OS/MM8/MM8-OS/build/kernel/c/apps/calc/calc.obj
 .data          0x0010b66c        0x0 /home/mm8/Documents/OS/MM8/MM8-OS/build/kernel/c/apps/editor/editor.obj
 .data          0x0010b66c       0x1e /home/mm8/Documents/OS/MM8/MM8-OS/build/kernel/c/arch/i686/gdt.obj
                0x0010b66c                g_GDT
                0x0010b684                g_GDTDescriptor
 *fill*         0x0010b68a        0x2 
 .data          0x0010b68c        0x6 /home/mm8/Documents/OS/MM8/MM8-OS/build/kernel/c/arch/i686/idt.obj
                0x0010b68c                g_IDTDescriptor
 .data          0x0010b692        0x0 /home/mm8/Documents/OS/MM8/MM8-OS/build/kernel/c/arch/i686/io.obj
 .data          0x0010b692        0x0 /home/mm8/Documents/OS/MM8/MM8-OS/build/kernel/c/arch/i686/irq.obj
 .data          0x0010b692        0x0 /home/mm8/Documents/OS/MM8/MM8-OS/build/kernel/c/arch/i686/isr.obj
 .data          0x0010b692        0x0 /home/mm8/Documents/OS/MM8/MM8-OS/build/kernel/c/arch/i686/isrs_gen.obj
 *fill*         0x0010b692        0x2 
 .data          0x0010b694        0x8 /home/mm8/Documents/OS/MM8/MM8-OS/build/kernel/c/arch/i686/keyboard.obj
 .data          0x0010b69c        0x0 /home/mm8/Documents/OS/MM8/MM8-OS/build/kernel/c/arch/i686/pic.obj
 .data          0x0010b69c        0x1 /home/mm8/Documents/OS/MM8/MM8-OS/build/kernel/c/arch/i686/screen_defs.obj
                0x0010b69c                DEFAULT_COLOR
 *fill*         0x0010b69d        0x3 
 .data          0x0010b6a0        0xc /home/mm8/Documents/OS/MM8/MM8-OS/build/kernel/c/libs/cJSON/cJSON.obj
 .data          0x0010b6ac        0x0 /home/mm8/Documents/OS/MM8/MM8-OS/toolchain/i686-elf/lib/gcc/i686-elf/13.3.0/libgcc.a(_udivdi3.o)
 .data          0x0010b6ac        0x0 /home/mm8/Documents/OS/MM8/MM8-OS/toolchain/i686-elf/lib/gcc/i686-elf/13.3.0/libgcc.a(_umoddi3.o)

.rodata         0x0010b6c0     0x1dbc
                0x0010b6c0                        __rodata_start = .
 *(.rodata)
 .rodata        0x0010b6c0       0xe9 /home/mm8/Documents/OS/MM8/MM8-OS/build/kernel/c/disk.obj
 *fill*         0x0010b7a9        0x3 
 .rodata        0x0010b7ac      0x293 /home/mm8/Documents/OS/MM8/MM8-OS/build/kernel/c/fat.obj
 *fill*         0x0010ba3f        0x1 
 .rodata        0x0010ba40      0x2e0 /home/mm8/Documents/OS/MM8/MM8-OS/build/kernel/c/main.obj
 .rodata        0x0010bd20      0x3ee /home/mm8/Documents/OS/MM8/MM8-OS/build/kernel/c/stdio.obj
                0x0010c060                g_HexChars
 *fill*         0x0010c10e        0x2 
 .rodata        0x0010c110       0x53 /home/mm8/Documents/OS/MM8/MM8-OS/build/kernel/c/commands/afk.obj
 *fill*         0x0010c163        0x1 
 .rodata        0x0010c164       0xdd /home/mm8/Documents/OS/MM8/MM8-OS/build/kernel/c/commands/color.obj
 *fill*         0x0010c241        0x3 
 .rodata        0x0010c244      0x212 /home/mm8/Documents/OS/MM8/MM8-OS/build/kernel/c/commands/command.obj
 *fill*         0x0010c456        0x2 
 .rodata        0x0010c458      0x1ec /home/mm8/Documents/OS/MM8/MM8-OS/build/kernel/c/commands/credits.obj
 .rodata        0x0010c644      0x168 /home/mm8/Documents/OS/MM8/MM8-OS/build/kernel/c/commands/json.obj
 .rodata        0x0010c7ac      0x252 /home/mm8/Documents/OS/MM8/MM8-OS/build/kernel/c/commands/mm8Splash.obj
 *fill*         0x0010c9fe        0x2 
 .rodata        0x0010ca00      0x195 /home/mm8/Documents/OS/MM8/MM8-OS/build/kernel/c/apps/calc/calc.obj
 *fill*         0x0010cb95        0x3 
 .rodata        0x0010cb98       0x7c /home/mm8/Documents/OS/MM8/MM8-OS/build/kernel/c/apps/editor/editor.obj
 .rodata        0x0010cc14       0x25 /home/mm8/Documents/OS/MM8/MM8-OS/build/kernel/c/arch/i686/irq.obj
 *fill*         0x0010cc39        0x7 
 .rodata        0x0010cc40      0x34f /home/mm8/Documents/OS/MM8/MM8-OS/build/kernel/c/arch/i686/isr.obj
 *fill*         0x0010cf8f       0x11 
 .rodata        0x0010cfa0      0x1f4 /home/mm8/Documents/OS/MM8/MM8-OS/build/kernel/c/arch/i686/keyboard.obj
 *fill*         0x0010d194        0xc 
 .rodata        0x0010d1a0      0x2dc /home/mm8/Documents/OS/MM8/MM8-OS/build/kernel/c/libs/cJSON/cJSON.obj

.eh_frame       0x0010d47c       0xd8
 .eh_frame      0x0010d47c       0x64 /home/mm8/Documents/OS/MM8/MM8-OS/toolchain/i686-elf/lib/gcc/i686-elf/13.3.0/libgcc.a(_udivdi3.o)
 .eh_frame      0x0010d4e0       0x74 /home/mm8/Documents/OS/MM8/MM8-OS/toolchain/i686-elf/lib/gcc/i686-elf/13.3.0/libgcc.a(_umoddi3.o)

.bss            0x0010d560     0x6863
                0x0010d560                        __bss_start = .
 *(.bss)
 .bss           0x0010d560        0x0 /home/mm8/Documents/OS/MM8/MM8-OS/build/kernel/c/ctype.obj
 .bss           0x0010d560        0x0 /home/mm8/Documents/OS/MM8/MM8-OS/build/kernel/c/disk.obj
 .bss           0x0010d560     0x2028 /home/mm8/Documents/OS/MM8/MM8-OS/build/kernel/c/fat.obj
 .bss           0x0010f588        0x0 /home/mm8/Documents/OS/MM8/MM8-OS/build/kernel/c/graphics.obj
 .bss           0x0010f588        0x4 /home/mm8/Documents/OS/MM8/MM8-OS/build/kernel/c/heap.obj
 *fill*         0x0010f58c       0x14 
 .bss           0x0010f5a0      0xa28 /home/mm8/Documents/OS/MM8/MM8-OS/build/kernel/c/main.obj
                0x0010f5a0                g_Disk
                0x0010f5a4                g_vbe_screen
 .bss           0x0010ffc8        0x0 /home/mm8/Documents/OS/MM8/MM8-OS/build/kernel/c/math.obj
 .bss           0x0010ffc8        0x0 /home/mm8/Documents/OS/MM8/MM8-OS/build/kernel/c/memory.obj
 *fill*         0x0010ffc8       0x18 
 .bss           0x0010ffe0     0x2021 /home/mm8/Documents/OS/MM8/MM8-OS/build/kernel/c/stdio.obj
                0x0010ffe0                g_ScreenX
                0x0010ffe4                g_ScreenY
                0x00110000                scrollback_buffer
                0x001100a0                scrollback_start
                0x001100a4                scrollback_count
                0x001100a8                scrollback_view
 .bss           0x00112001        0x0 /home/mm8/Documents/OS/MM8/MM8-OS/build/kernel/c/string.obj
 .bss           0x00112001        0x0 /home/mm8/Documents/OS/MM8/MM8-OS/build/kernel/c/commands/afk.obj
 .bss           0x00112001        0x0 /home/mm8/Documents/OS/MM8/MM8-OS/build/kernel/c/commands/color.obj
 .bss           0x00112001        0x0 /home/mm8/Documents/OS/MM8/MM8-OS/build/kernel/c/commands/command.obj
 .bss           0x00112001        0x0 /home/mm8/Documents/OS/MM8/MM8-OS/build/kernel/c/commands/credits.obj
 .bss           0x00112001        0x0 /home/mm8/Documents/OS/MM8/MM8-OS/build/kernel/c/commands/json.obj
 .bss           0x00112001        0x0 /home/mm8/Documents/OS/MM8/MM8-OS/build/kernel/c/commands/mm8Splash.obj
 .bss           0x00112001        0x0 /home/mm8/Documents/OS/MM8/MM8-OS/build/kernel/c/hal/hal.obj
 .bss           0x00112001        0x0 /home/mm8/Documents/OS/MM8/MM8-OS/build/kernel/c/apps/calc/calc.obj
 *fill*         0x00112001       0x1f 
 .bss           0x00112020     0x1000 /home/mm8/Documents/OS/MM8/MM8-OS/build/kernel/c/apps/editor/editor.obj
 .bss           0x00113020        0x0 /home/mm8/Documents/OS/MM8/MM8-OS/build/kernel/c/arch/i686/gdt.obj
 .bss           0x00113020      0x800 /home/mm8/Documents/OS/MM8/MM8-OS/build/kernel/c/arch/i686/idt.obj
                0x00113020                g_IDT
 .bss           0x00113820        0x0 /home/mm8/Documents/OS/MM8/MM8-OS/build/kernel/c/arch/i686/io.obj
 .bss           0x00113820       0x40 /home/mm8/Documents/OS/MM8/MM8-OS/build/kernel/c/arch/i686/irq.obj
                0x00113820                g_IRQHandlers
 .bss           0x00113860      0x400 /home/mm8/Documents/OS/MM8/MM8-OS/build/kernel/c/arch/i686/isr.obj
                0x00113860                g_ISRHandlers
 .bss           0x00113c60        0x0 /home/mm8/Documents/OS/MM8/MM8-OS/build/kernel/c/arch/i686/isrs_gen.obj
 .bss           0x00113c60      0x140 /home/mm8/Documents/OS/MM8/MM8-OS/build/kernel/c/arch/i686/keyboard.obj
 .bss           0x00113da0        0xc /home/mm8/Documents/OS/MM8/MM8-OS/build/kernel/c/arch/i686/pic.obj
                0x00113da0                PIC_ICW1
                0x00113da4                PIC_ICW4
                0x00113da8                PIC_CMD
 .bss           0x00113dac        0x0 /home/mm8/Documents/OS/MM8/MM8-OS/build/kernel/c/arch/i686/screen_defs.obj
 .bss           0x00113dac       0x17 /home/mm8/Documents/OS/MM8/MM8-OS/build/kernel/c/libs/cJSON/cJSON.obj
 .bss           0x00113dc3        0x0 /home/mm8/Documents/OS/MM8/MM8-OS/toolchain/i686-elf/lib/gcc/i686-elf/13.3.0/libgcc.a(_udivdi3.o)
 .bss           0x00113dc3        0x0 /home/mm8/Documents/OS/MM8/MM8-OS/toolchain/i686-elf/lib/gcc/i686-elf/13.3.0/libgcc.a(_umoddi3.o)
                0x00113dc3                        __end = .
OUTPUT(/home/mm8/Documents/OS/MM8/MM8-OS/build/kernel.bin binary)

.debug_info     0x00000000     0x8765
 .debug_info    0x00000000       0x98 /home/mm8/Documents/OS/MM8/MM8-OS/build/kernel/c/ctype.obj
 .debug_info    0x00000098      0x2fc /home/mm8/Documents/OS/MM8/MM8-OS/build/kernel/c/disk.obj
 .debug_info    0x00000394     0x1080 /home/mm8/Documents/OS/MM8/MM8-OS/build/kernel/c/fat.obj
 .debug_info    0x00001414      0x140 /home/mm8/Documents/OS/MM8/MM8-OS/build/kernel/c/graphics.obj
 .debug_info    0x00001554      0x20a /home/mm8/Documents/OS/MM8/MM8-OS/build/kernel/c/heap.obj
 .debug_info    0x0000175e      0x4d8 /home/mm8/Documents/OS/MM8/MM8-OS/build/kernel/c/main.obj
 .debug_info    0x00001c36       0xa4 /home/mm8/Documents/OS/MM8/MM8-OS/build/kernel/c/math.obj
 .debug_info    0x00001cda      0x278 /home/mm8/Documents/OS/MM8/MM8-OS/build/kernel/c/memory.obj
 .debug_info    0x00001f52      0x92b /home/mm8/Documents/OS/MM8/MM8-OS/build/kernel/c/stdio.obj
 .debug_info    0x0000287d      0x1c6 /home/mm8/Documents/OS/MM8/MM8-OS/build/kernel/c/string.obj
 .debug_info    0x00002a43       0xb6 /home/mm8/Documents/OS/MM8/MM8-OS/build/kernel/c/commands/afk.obj
 .debug_info    0x00002af9      0x13c /home/mm8/Documents/OS/MM8/MM8-OS/build/kernel/c/commands/color.obj
 .debug_info    0x00002c35      0x355 /home/mm8/Documents/OS/MM8/MM8-OS/build/kernel/c/commands/command.obj
 .debug_info    0x00002f8a       0xdb /home/mm8/Documents/OS/MM8/MM8-OS/build/kernel/c/commands/credits.obj
 .debug_info    0x00003065      0x40b /home/mm8/Documents/OS/MM8/MM8-OS/build/kernel/c/commands/json.obj
 .debug_info    0x00003470       0x9d /home/mm8/Documents/OS/MM8/MM8-OS/build/kernel/c/commands/mm8Splash.obj
 .debug_info    0x0000350d       0xa5 /home/mm8/Documents/OS/MM8/MM8-OS/build/kernel/c/hal/hal.obj
 .debug_info    0x000035b2      0x2ad /home/mm8/Documents/OS/MM8/MM8-OS/build/kernel/c/apps/calc/calc.obj
 .debug_info    0x0000385f      0x41c /home/mm8/Documents/OS/MM8/MM8-OS/build/kernel/c/apps/editor/editor.obj
 .debug_info    0x00003c7b      0x1f3 /home/mm8/Documents/OS/MM8/MM8-OS/build/kernel/c/arch/i686/gdt.obj
 .debug_info    0x00003e6e      0x247 /home/mm8/Documents/OS/MM8/MM8-OS/build/kernel/c/arch/i686/idt.obj
 .debug_info    0x000040b5       0x9e /home/mm8/Documents/OS/MM8/MM8-OS/build/kernel/c/arch/i686/io.obj
 .debug_info    0x00004153      0x2e0 /home/mm8/Documents/OS/MM8/MM8-OS/build/kernel/c/arch/i686/irq.obj
 .debug_info    0x00004433      0x28e /home/mm8/Documents/OS/MM8/MM8-OS/build/kernel/c/arch/i686/isr.obj
 .debug_info    0x000046c1      0xcfb /home/mm8/Documents/OS/MM8/MM8-OS/build/kernel/c/arch/i686/isrs_gen.obj
 .debug_info    0x000053bc      0x5ba /home/mm8/Documents/OS/MM8/MM8-OS/build/kernel/c/arch/i686/keyboard.obj
 .debug_info    0x00005976      0x259 /home/mm8/Documents/OS/MM8/MM8-OS/build/kernel/c/arch/i686/pic.obj
 .debug_info    0x00005bcf       0x40 /home/mm8/Documents/OS/MM8/MM8-OS/build/kernel/c/arch/i686/screen_defs.obj
 .debug_info    0x00005c0f     0x24e7 /home/mm8/Documents/OS/MM8/MM8-OS/build/kernel/c/libs/cJSON/cJSON.obj
 .debug_info    0x000080f6      0x32c /home/mm8/Documents/OS/MM8/MM8-OS/toolchain/i686-elf/lib/gcc/i686-elf/13.3.0/libgcc.a(_udivdi3.o)
 .debug_info    0x00008422      0x343 /home/mm8/Documents/OS/MM8/MM8-OS/toolchain/i686-elf/lib/gcc/i686-elf/13.3.0/libgcc.a(_umoddi3.o)

.debug_abbrev   0x00000000     0x25ec
 .debug_abbrev  0x00000000       0x6c /home/mm8/Documents/OS/MM8/MM8-OS/build/kernel/c/ctype.obj
 .debug_abbrev  0x0000006c      0x173 /home/mm8/Documents/OS/MM8/MM8-OS/build/kernel/c/disk.obj
 .debug_abbrev  0x000001df      0x2c3 /home/mm8/Documents/OS/MM8/MM8-OS/build/kernel/c/fat.obj
 .debug_abbrev  0x000004a2       0xda /home/mm8/Documents/OS/MM8/MM8-OS/build/kernel/c/graphics.obj
 .debug_abbrev  0x0000057c      0x14e /home/mm8/Documents/OS/MM8/MM8-OS/build/kernel/c/heap.obj
 .debug_abbrev  0x000006ca      0x181 /home/mm8/Documents/OS/MM8/MM8-OS/build/kernel/c/main.obj
 .debug_abbrev  0x0000084b       0x8b /home/mm8/Documents/OS/MM8/MM8-OS/build/kernel/c/math.obj
 .debug_abbrev  0x000008d6       0xec /home/mm8/Documents/OS/MM8/MM8-OS/build/kernel/c/memory.obj
 .debug_abbrev  0x000009c2      0x2c9 /home/mm8/Documents/OS/MM8/MM8-OS/build/kernel/c/stdio.obj
 .debug_abbrev  0x00000c8b       0xc5 /home/mm8/Documents/OS/MM8/MM8-OS/build/kernel/c/string.obj
 .debug_abbrev  0x00000d50       0x9a /home/mm8/Documents/OS/MM8/MM8-OS/build/kernel/c/commands/afk.obj
 .debug_abbrev  0x00000dea      0x10b /home/mm8/Documents/OS/MM8/MM8-OS/build/kernel/c/commands/color.obj
 .debug_abbrev  0x00000ef5      0x1ca /home/mm8/Documents/OS/MM8/MM8-OS/build/kernel/c/commands/command.obj
 .debug_abbrev  0x000010bf       0x87 /home/mm8/Documents/OS/MM8/MM8-OS/build/kernel/c/commands/credits.obj
 .debug_abbrev  0x00001146      0x142 /home/mm8/Documents/OS/MM8/MM8-OS/build/kernel/c/commands/json.obj
 .debug_abbrev  0x00001288       0x85 /home/mm8/Documents/OS/MM8/MM8-OS/build/kernel/c/commands/mm8Splash.obj
 .debug_abbrev  0x0000130d       0x5a /home/mm8/Documents/OS/MM8/MM8-OS/build/kernel/c/hal/hal.obj
 .debug_abbrev  0x00001367      0x195 /home/mm8/Documents/OS/MM8/MM8-OS/build/kernel/c/apps/calc/calc.obj
 .debug_abbrev  0x000014fc      0x1b7 /home/mm8/Documents/OS/MM8/MM8-OS/build/kernel/c/apps/editor/editor.obj
 .debug_abbrev  0x000016b3       0xf0 /home/mm8/Documents/OS/MM8/MM8-OS/build/kernel/c/arch/i686/gdt.obj
 .debug_abbrev  0x000017a3      0x122 /home/mm8/Documents/OS/MM8/MM8-OS/build/kernel/c/arch/i686/idt.obj
 .debug_abbrev  0x000018c5       0x6d /home/mm8/Documents/OS/MM8/MM8-OS/build/kernel/c/arch/i686/io.obj
 .debug_abbrev  0x00001932      0x182 /home/mm8/Documents/OS/MM8/MM8-OS/build/kernel/c/arch/i686/irq.obj
 .debug_abbrev  0x00001ab4      0x150 /home/mm8/Documents/OS/MM8/MM8-OS/build/kernel/c/arch/i686/isr.obj
 .debug_abbrev  0x00001c04       0xbf /home/mm8/Documents/OS/MM8/MM8-OS/build/kernel/c/arch/i686/isrs_gen.obj
 .debug_abbrev  0x00001cc3      0x1bd /home/mm8/Documents/OS/MM8/MM8-OS/build/kernel/c/arch/i686/keyboard.obj
 .debug_abbrev  0x00001e80      0x15a /home/mm8/Documents/OS/MM8/MM8-OS/build/kernel/c/arch/i686/pic.obj
 .debug_abbrev  0x00001fda       0x3d /home/mm8/Documents/OS/MM8/MM8-OS/build/kernel/c/arch/i686/screen_defs.obj
 .debug_abbrev  0x00002017      0x309 /home/mm8/Documents/OS/MM8/MM8-OS/build/kernel/c/libs/cJSON/cJSON.obj
 .debug_abbrev  0x00002320      0x15b /home/mm8/Documents/OS/MM8/MM8-OS/toolchain/i686-elf/lib/gcc/i686-elf/13.3.0/libgcc.a(_udivdi3.o)
 .debug_abbrev  0x0000247b      0x171 /home/mm8/Documents/OS/MM8/MM8-OS/toolchain/i686-elf/lib/gcc/i686-elf/13.3.0/libgcc.a(_umoddi3.o)

.debug_aranges  0x00000000      0x3e0
 .debug_aranges
                0x00000000       0x20 /home/mm8/Documents/OS/MM8/MM8-OS/build/kernel/c/ctype.obj
 .debug_aranges
                0x00000020       0x20 /home/mm8/Documents/OS/MM8/MM8-OS/build/kernel/c/disk.obj
 .debug_aranges
                0x00000040       0x20 /home/mm8/Documents/OS/MM8/MM8-OS/build/kernel/c/fat.obj
 .debug_aranges
                0x00000060       0x20 /home/mm8/Documents/OS/MM8/MM8-OS/build/kernel/c/graphics.obj
 .debug_aranges
                0x00000080       0x20 /home/mm8/Documents/OS/MM8/MM8-OS/build/kernel/c/heap.obj
 .debug_aranges
                0x000000a0       0x28 /home/mm8/Documents/OS/MM8/MM8-OS/build/kernel/c/main.obj
 .debug_aranges
                0x000000c8       0x20 /home/mm8/Documents/OS/MM8/MM8-OS/build/kernel/c/math.obj
 .debug_aranges
                0x000000e8       0x20 /home/mm8/Documents/OS/MM8/MM8-OS/build/kernel/c/memory.obj
 .debug_aranges
                0x00000108       0x20 /home/mm8/Documents/OS/MM8/MM8-OS/build/kernel/c/stdio.obj
 .debug_aranges
                0x00000128       0x20 /home/mm8/Documents/OS/MM8/MM8-OS/build/kernel/c/string.obj
 .debug_aranges
                0x00000148       0x20 /home/mm8/Documents/OS/MM8/MM8-OS/build/kernel/c/commands/afk.obj
 .debug_aranges
                0x00000168       0x20 /home/mm8/Documents/OS/MM8/MM8-OS/build/kernel/c/commands/color.obj
 .debug_aranges
                0x00000188       0x20 /home/mm8/Documents/OS/MM8/MM8-OS/build/kernel/c/commands/command.obj
 .debug_aranges
                0x000001a8       0x20 /home/mm8/Documents/OS/MM8/MM8-OS/build/kernel/c/commands/credits.obj
 .debug_aranges
                0x000001c8       0x20 /home/mm8/Documents/OS/MM8/MM8-OS/build/kernel/c/commands/json.obj
 .debug_aranges
                0x000001e8       0x20 /home/mm8/Documents/OS/MM8/MM8-OS/build/kernel/c/commands/mm8Splash.obj
 .debug_aranges
                0x00000208       0x20 /home/mm8/Documents/OS/MM8/MM8-OS/build/kernel/c/hal/hal.obj
 .debug_aranges
                0x00000228       0x20 /home/mm8/Documents/OS/MM8/MM8-OS/build/kernel/c/apps/calc/calc.obj
 .debug_aranges
                0x00000248       0x20 /home/mm8/Documents/OS/MM8/MM8-OS/build/kernel/c/apps/editor/editor.obj
 .debug_aranges
                0x00000268       0x20 /home/mm8/Documents/OS/MM8/MM8-OS/build/kernel/c/arch/i686/gdt.obj
 .debug_aranges
                0x00000288       0x20 /home/mm8/Documents/OS/MM8/MM8-OS/build/kernel/c/arch/i686/idt.obj
 .debug_aranges
                0x000002a8       0x20 /home/mm8/Documents/OS/MM8/MM8-OS/build/kernel/c/arch/i686/io.obj
 .debug_aranges
                0x000002c8       0x20 /home/mm8/Documents/OS/MM8/MM8-OS/build/kernel/c/arch/i686/irq.obj
 .debug_aranges
                0x000002e8       0x20 /home/mm8/Documents/OS/MM8/MM8-OS/build/kernel/c/arch/i686/isr.obj
 .debug_aranges
                0x00000308       0x20 /home/mm8/Documents/OS/MM8/MM8-OS/build/kernel/c/arch/i686/isrs_gen.obj
 .debug_aranges
                0x00000328       0x20 /home/mm8/Documents/OS/MM8/MM8-OS/build/kernel/c/arch/i686/keyboard.obj
 .debug_aranges
                0x00000348       0x20 /home/mm8/Documents/OS/MM8/MM8-OS/build/kernel/c/arch/i686/pic.obj
 .debug_aranges
                0x00000368       0x18 /home/mm8/Documents/OS/MM8/MM8-OS/build/kernel/c/arch/i686/screen_defs.obj
 .debug_aranges
                0x00000380       0x20 /home/mm8/Documents/OS/MM8/MM8-OS/build/kernel/c/libs/cJSON/cJSON.obj
 .debug_aranges
                0x000003a0       0x20 /home/mm8/Documents/OS/MM8/MM8-OS/toolchain/i686-elf/lib/gcc/i686-elf/13.3.0/libgcc.a(_udivdi3.o)
 .debug_aranges
                0x000003c0       0x20 /home/mm8/Documents/OS/MM8/MM8-OS/toolchain/i686-elf/lib/gcc/i686-elf/13.3.0/libgcc.a(_umoddi3.o)

.debug_line     0x00000000     0x52a5
 .debug_line    0x00000000       0x89 /home/mm8/Documents/OS/MM8/MM8-OS/build/kernel/c/ctype.obj
 .debug_line    0x00000089      0x287 /home/mm8/Documents/OS/MM8/MM8-OS/build/kernel/c/disk.obj
 .debug_line    0x00000310      0x9fa /home/mm8/Documents/OS/MM8/MM8-OS/build/kernel/c/fat.obj
 .debug_line    0x00000d0a       0xa9 /home/mm8/Documents/OS/MM8/MM8-OS/build/kernel/c/graphics.obj
 .debug_line    0x00000db3      0x10f /home/mm8/Documents/OS/MM8/MM8-OS/build/kernel/c/heap.obj
 .debug_line    0x00000ec2      0x15a /home/mm8/Documents/OS/MM8/MM8-OS/build/kernel/c/main.obj
 .debug_line    0x0000101c       0x61 /home/mm8/Documents/OS/MM8/MM8-OS/build/kernel/c/math.obj
 .debug_line    0x0000107d      0x122 /home/mm8/Documents/OS/MM8/MM8-OS/build/kernel/c/memory.obj
 .debug_line    0x0000119f      0x62c /home/mm8/Documents/OS/MM8/MM8-OS/build/kernel/c/stdio.obj
 .debug_line    0x000017cb      0x127 /home/mm8/Documents/OS/MM8/MM8-OS/build/kernel/c/string.obj
 .debug_line    0x000018f2       0x6d /home/mm8/Documents/OS/MM8/MM8-OS/build/kernel/c/commands/afk.obj
 .debug_line    0x0000195f      0x1b2 /home/mm8/Documents/OS/MM8/MM8-OS/build/kernel/c/commands/color.obj
 .debug_line    0x00001b11      0x1f0 /home/mm8/Documents/OS/MM8/MM8-OS/build/kernel/c/commands/command.obj
 .debug_line    0x00001d01       0x8e /home/mm8/Documents/OS/MM8/MM8-OS/build/kernel/c/commands/credits.obj
 .debug_line    0x00001d8f      0x161 /home/mm8/Documents/OS/MM8/MM8-OS/build/kernel/c/commands/json.obj
 .debug_line    0x00001ef0       0x61 /home/mm8/Documents/OS/MM8/MM8-OS/build/kernel/c/commands/mm8Splash.obj
 .debug_line    0x00001f51       0x6a /home/mm8/Documents/OS/MM8/MM8-OS/build/kernel/c/hal/hal.obj
 .debug_line    0x00001fbb      0x21b /home/mm8/Documents/OS/MM8/MM8-OS/build/kernel/c/apps/calc/calc.obj
 .debug_line    0x000021d6      0x341 /home/mm8/Documents/OS/MM8/MM8-OS/build/kernel/c/apps/editor/editor.obj
 .debug_line    0x00002517       0x5c /home/mm8/Documents/OS/MM8/MM8-OS/build/kernel/c/arch/i686/gdt.obj
 .debug_line    0x00002573       0x89 /home/mm8/Documents/OS/MM8/MM8-OS/build/kernel/c/arch/i686/idt.obj
 .debug_line    0x000025fc       0x5e /home/mm8/Documents/OS/MM8/MM8-OS/build/kernel/c/arch/i686/io.obj
 .debug_line    0x0000265a       0xc2 /home/mm8/Documents/OS/MM8/MM8-OS/build/kernel/c/arch/i686/irq.obj
 .debug_line    0x0000271c       0xd4 /home/mm8/Documents/OS/MM8/MM8-OS/build/kernel/c/arch/i686/isr.obj
 .debug_line    0x000027f0      0x25f /home/mm8/Documents/OS/MM8/MM8-OS/build/kernel/c/arch/i686/isrs_gen.obj
 .debug_line    0x00002a4f      0x303 /home/mm8/Documents/OS/MM8/MM8-OS/build/kernel/c/arch/i686/keyboard.obj
 .debug_line    0x00002d52      0x120 /home/mm8/Documents/OS/MM8/MM8-OS/build/kernel/c/arch/i686/pic.obj
 .debug_line    0x00002e72       0x3f /home/mm8/Documents/OS/MM8/MM8-OS/build/kernel/c/arch/i686/screen_defs.obj
 .debug_line    0x00002eb1     0x20a3 /home/mm8/Documents/OS/MM8/MM8-OS/build/kernel/c/libs/cJSON/cJSON.obj
 .debug_line    0x00004f54      0x180 /home/mm8/Documents/OS/MM8/MM8-OS/toolchain/i686-elf/lib/gcc/i686-elf/13.3.0/libgcc.a(_udivdi3.o)
 .debug_line    0x000050d4      0x1d1 /home/mm8/Documents/OS/MM8/MM8-OS/toolchain/i686-elf/lib/gcc/i686-elf/13.3.0/libgcc.a(_umoddi3.o)

.debug_str      0x00000000     0x5585
 .debug_str     0x00000000       0x63 /home/mm8/Documents/OS/MM8/MM8-OS/build/kernel/c/ctype.obj
 .debug_str     0x00000063      0x19c /home/mm8/Documents/OS/MM8/MM8-OS/build/kernel/c/disk.obj
 .debug_str     0x000001ff      0x93c /home/mm8/Documents/OS/MM8/MM8-OS/build/kernel/c/fat.obj
 .debug_str     0x00000b3b      0x132 /home/mm8/Documents/OS/MM8/MM8-OS/build/kernel/c/graphics.obj
 .debug_str     0x00000c6d      0x16a /home/mm8/Documents/OS/MM8/MM8-OS/build/kernel/c/heap.obj
 .debug_str     0x00000dd7      0x2cb /home/mm8/Documents/OS/MM8/MM8-OS/build/kernel/c/main.obj
 .debug_str     0x000010a2       0x6a /home/mm8/Documents/OS/MM8/MM8-OS/build/kernel/c/math.obj
 .debug_str     0x0000110c      0x112 /home/mm8/Documents/OS/MM8/MM8-OS/build/kernel/c/memory.obj
 .debug_str     0x0000121e      0x3c5 /home/mm8/Documents/OS/MM8/MM8-OS/build/kernel/c/stdio.obj
 .debug_str     0x000015e3       0xa0 /home/mm8/Documents/OS/MM8/MM8-OS/build/kernel/c/string.obj
 .debug_str     0x00001683       0xd6 /home/mm8/Documents/OS/MM8/MM8-OS/build/kernel/c/commands/afk.obj
 .debug_str     0x00001759      0x11e /home/mm8/Documents/OS/MM8/MM8-OS/build/kernel/c/commands/color.obj
 .debug_str     0x00001877      0x248 /home/mm8/Documents/OS/MM8/MM8-OS/build/kernel/c/commands/command.obj
 .debug_str     0x00001abf       0xfd /home/mm8/Documents/OS/MM8/MM8-OS/build/kernel/c/commands/credits.obj
 .debug_str     0x00001bbc      0x2d7 /home/mm8/Documents/OS/MM8/MM8-OS/build/kernel/c/commands/json.obj
 .debug_str     0x00001e93       0xc5 /home/mm8/Documents/OS/MM8/MM8-OS/build/kernel/c/commands/mm8Splash.obj
 .debug_str     0x00001f58      0x10c /home/mm8/Documents/OS/MM8/MM8-OS/build/kernel/c/hal/hal.obj
 .debug_str     0x00002064      0x1bd /home/mm8/Documents/OS/MM8/MM8-OS/build/kernel/c/apps/calc/calc.obj
 .debug_str     0x00002221      0x2a7 /home/mm8/Documents/OS/MM8/MM8-OS/build/kernel/c/apps/editor/editor.obj
 .debug_str     0x000024c8      0x2ea /home/mm8/Documents/OS/MM8/MM8-OS/build/kernel/c/arch/i686/gdt.obj
 .debug_str     0x000027b2      0x281 /home/mm8/Documents/OS/MM8/MM8-OS/build/kernel/c/arch/i686/idt.obj
 .debug_str     0x00002a33       0xd4 /home/mm8/Documents/OS/MM8/MM8-OS/build/kernel/c/arch/i686/io.obj
 .debug_str     0x00002b07      0x21f /home/mm8/Documents/OS/MM8/MM8-OS/build/kernel/c/arch/i686/irq.obj
 .debug_str     0x00002d26      0x1b6 /home/mm8/Documents/OS/MM8/MM8-OS/build/kernel/c/arch/i686/isr.obj
 .debug_str     0x00002edc      0xd3c /home/mm8/Documents/OS/MM8/MM8-OS/build/kernel/c/arch/i686/isrs_gen.obj
 .debug_str     0x00003c18      0x3e7 /home/mm8/Documents/OS/MM8/MM8-OS/build/kernel/c/arch/i686/keyboard.obj
 .debug_str     0x00003fff      0x2b1 /home/mm8/Documents/OS/MM8/MM8-OS/build/kernel/c/arch/i686/pic.obj
 .debug_str     0x000042b0       0x67 /home/mm8/Documents/OS/MM8/MM8-OS/build/kernel/c/arch/i686/screen_defs.obj
 .debug_str     0x00004317      0xea8 /home/mm8/Documents/OS/MM8/MM8-OS/build/kernel/c/libs/cJSON/cJSON.obj
 .debug_str     0x000051bf      0x1e3 /home/mm8/Documents/OS/MM8/MM8-OS/toolchain/i686-elf/lib/gcc/i686-elf/13.3.0/libgcc.a(_udivdi3.o)
 .debug_str     0x000053a2      0x1e3 /home/mm8/Documents/OS/MM8/MM8-OS/toolchain/i686-elf/lib/gcc/i686-elf/13.3.0/libgcc.a(_umoddi3.o)

.debug_line_str
                0x00000000     0x157a
 .debug_line_str
                0x00000000       0x72 /home/mm8/Documents/OS/MM8/MM8-OS/build/kernel/c/ctype.obj
 .debug_line_str
                0x00000072       0xa2 /home/mm8/Documents/OS/MM8/MM8-OS/build/kernel/c/disk.obj
 .debug_line_str
                0x00000114       0xb0 /home/mm8/Documents/OS/MM8/MM8-OS/build/kernel/c/fat.obj
 .debug_line_str
                0x000001c4       0x8a /home/mm8/Documents/OS/MM8/MM8-OS/build/kernel/c/graphics.obj
 .debug_line_str
                0x0000024e       0x8d /home/mm8/Documents/OS/MM8/MM8-OS/build/kernel/c/heap.obj
 .debug_line_str
                0x000002db      0x10b /home/mm8/Documents/OS/MM8/MM8-OS/build/kernel/c/main.obj
 .debug_line_str
                0x000003e6       0x6f /home/mm8/Documents/OS/MM8/MM8-OS/build/kernel/c/math.obj
 .debug_line_str
                0x00000455       0x80 /home/mm8/Documents/OS/MM8/MM8-OS/build/kernel/c/memory.obj
 .debug_line_str
                0x000004d5      0x120 /home/mm8/Documents/OS/MM8/MM8-OS/build/kernel/c/stdio.obj
 .debug_line_str
                0x000005f5       0x75 /home/mm8/Documents/OS/MM8/MM8-OS/build/kernel/c/string.obj
 .debug_line_str
                0x0000066a       0xab /home/mm8/Documents/OS/MM8/MM8-OS/build/kernel/c/commands/afk.obj
 .debug_line_str
                0x00000715       0xb1 /home/mm8/Documents/OS/MM8/MM8-OS/build/kernel/c/commands/color.obj
 .debug_line_str
                0x000007c6      0x128 /home/mm8/Documents/OS/MM8/MM8-OS/build/kernel/c/commands/command.obj
 .debug_line_str
                0x000008ee       0x94 /home/mm8/Documents/OS/MM8/MM8-OS/build/kernel/c/commands/credits.obj
 .debug_line_str
                0x00000982       0xd1 /home/mm8/Documents/OS/MM8/MM8-OS/build/kernel/c/commands/json.obj
 .debug_line_str
                0x00000a53       0x9a /home/mm8/Documents/OS/MM8/MM8-OS/build/kernel/c/commands/mm8Splash.obj
 .debug_line_str
                0x00000aed       0x98 /home/mm8/Documents/OS/MM8/MM8-OS/build/kernel/c/hal/hal.obj
 .debug_line_str
                0x00000b85       0xa8 /home/mm8/Documents/OS/MM8/MM8-OS/build/kernel/c/apps/calc/calc.obj
 .debug_line_str
                0x00000c2d       0xea /home/mm8/Documents/OS/MM8/MM8-OS/build/kernel/c/apps/editor/editor.obj
 .debug_line_str
                0x00000d17       0x8b /home/mm8/Documents/OS/MM8/MM8-OS/build/kernel/c/arch/i686/gdt.obj
 .debug_line_str
                0x00000da2       0x91 /home/mm8/Documents/OS/MM8/MM8-OS/build/kernel/c/arch/i686/idt.obj
 .debug_line_str
                0x00000e33       0x8d /home/mm8/Documents/OS/MM8/MM8-OS/build/kernel/c/arch/i686/io.obj
 .debug_line_str
                0x00000ec0       0xa5 /home/mm8/Documents/OS/MM8/MM8-OS/build/kernel/c/arch/i686/irq.obj
 .debug_line_str
                0x00000f65       0xa4 /home/mm8/Documents/OS/MM8/MM8-OS/build/kernel/c/arch/i686/isr.obj
 .debug_line_str
                0x00001009       0xa0 /home/mm8/Documents/OS/MM8/MM8-OS/build/kernel/c/arch/i686/isrs_gen.obj
 .debug_line_str
                0x000010a9       0xe0 /home/mm8/Documents/OS/MM8/MM8-OS/build/kernel/c/arch/i686/keyboard.obj
 .debug_line_str
                0x00001189       0x90 /home/mm8/Documents/OS/MM8/MM8-OS/build/kernel/c/arch/i686/pic.obj
 .debug_line_str
                0x00001219       0xa6 /home/mm8/Documents/OS/MM8/MM8-OS/build/kernel/c/arch/i686/screen_defs.obj
 .debug_line_str
                0x000012bf       0xcb /home/mm8/Documents/OS/MM8/MM8-OS/build/kernel/c/libs/cJSON/cJSON.obj
 .debug_line_str
                0x0000138a       0xf8 /home/mm8/Documents/OS/MM8/MM8-OS/toolchain/i686-elf/lib/gcc/i686-elf/13.3.0/libgcc.a(_udivdi3.o)
 .debug_line_str
                0x00001482       0xf8 /home/mm8/Documents/OS/MM8/MM8-OS/toolchain/i686-elf/lib/gcc/i686-elf/13.3.0/libgcc.a(_umoddi3.o)

.comment        0x00000000      0x24d
 .comment       0x00000000       0x13 /home/mm8/Documents/OS/MM8/MM8-OS/build/kernel/c/ctype.obj
 .comment       0x00000013       0x13 /home/mm8/Documents/OS/MM8/MM8-OS/build/kernel/c/disk.obj
 .comment       0x00000026       0x13 /home/mm8/Documents/OS/MM8/MM8-OS/build/kernel/c/fat.obj
 .comment       0x00000039       0x13 /home/mm8/Documents/OS/MM8/MM8-OS/build/kernel/c/graphics.obj
 .comment       0x0000004c       0x13 /home/mm8/Documents/OS/MM8/MM8-OS/build/kernel/c/heap.obj
 .comment       0x0000005f       0x13 /home/mm8/Documents/OS/MM8/MM8-OS/build/kernel/c/main.obj
 .comment       0x00000072       0x13 /home/mm8/Documents/OS/MM8/MM8-OS/build/kernel/c/math.obj
 .comment       0x00000085       0x13 /home/mm8/Documents/OS/MM8/MM8-OS/build/kernel/c/memory.obj
 .comment       0x00000098       0x13 /home/mm8/Documents/OS/MM8/MM8-OS/build/kernel/c/stdio.obj
 .comment       0x000000ab       0x13 /home/mm8/Documents/OS/MM8/MM8-OS/build/kernel/c/string.obj
 .comment       0x000000be       0x13 /home/mm8/Documents/OS/MM8/MM8-OS/build/kernel/c/commands/afk.obj
 .comment       0x000000d1       0x13 /home/mm8/Documents/OS/MM8/MM8-OS/build/kernel/c/commands/color.obj
 .comment       0x000000e4       0x13 /home/mm8/Documents/OS/MM8/MM8-OS/build/kernel/c/commands/command.obj
 .comment       0x000000f7       0x13 /home/mm8/Documents/OS/MM8/MM8-OS/build/kernel/c/commands/credits.obj
 .comment       0x0000010a       0x13 /home/mm8/Documents/OS/MM8/MM8-OS/build/kernel/c/commands/json.obj
 .comment       0x0000011d       0x13 /home/mm8/Documents/OS/MM8/MM8-OS/build/kernel/c/commands/mm8Splash.obj
 .comment       0x00000130       0x13 /home/mm8/Documents/OS/MM8/MM8-OS/build/kernel/c/hal/hal.obj
 .comment       0x00000143       0x13 /home/mm8/Documents/OS/MM8/MM8-OS/build/kernel/c/apps/calc/calc.obj
 .comment       0x00000156       0x13 /home/mm8/Documents/OS/MM8/MM8-OS/build/kernel/c/apps/editor/editor.obj
 .comment       0x00000169       0x13 /home/mm8/Documents/OS/MM8/MM8-OS/build/kernel/c/arch/i686/gdt.obj
 .comment       0x0000017c       0x13 /home/mm8/Documents/OS/MM8/MM8-OS/build/kernel/c/arch/i686/idt.obj
 .comment       0x0000018f       0x13 /home/mm8/Documents/OS/MM8/MM8-OS/build/kernel/c/arch/i686/io.obj
 .comment       0x000001a2       0x13 /home/mm8/Documents/OS/MM8/MM8-OS/build/kernel/c/arch/i686/irq.obj
 .comment       0x000001b5       0x13 /home/mm8/Documents/OS/MM8/MM8-OS/build/kernel/c/arch/i686/isr.obj
 .comment       0x000001c8       0x13 /home/mm8/Documents/OS/MM8/MM8-OS/build/kernel/c/arch/i686/isrs_gen.obj
 .comment       0x000001db       0x13 /home/mm8/Documents/OS/MM8/MM8-OS/build/kernel/c/arch/i686/keyboard.obj
 .comment       0x000001ee       0x13 /home/mm8/Documents/OS/MM8/MM8-OS/build/kernel/c/arch/i686/pic.obj
 .comment       0x00000201       0x13 /home/mm8/Documents/OS/MM8/MM8-OS/build/kernel/c/arch/i686/screen_defs.obj
 .comment       0x00000214       0x13 /home/mm8/Documents/OS/MM8/MM8-OS/build/kernel/c/libs/cJSON/cJSON.obj
 .comment       0x00000227       0x13 /home/mm8/Documents/OS/MM8/MM8-OS/toolchain/i686-elf/lib/gcc/i686-elf/13.3.0/libgcc.a(_udivdi3.o)
 .comment       0x0000023a       0x13 /home/mm8/Documents/OS/MM8/MM8-OS/toolchain/i686-elf/lib/gcc/i686-elf/13.3.0/libgcc.a(_umoddi3.o)

.debug_frame    0x00000000     0x1e84
 .debug_frame   0x00000000       0x74 /home/mm8/Documents/OS/MM8/MM8-OS/build/kernel/c/ctype.obj
 .debug_frame   0x00000074       0xc4 /home/mm8/Documents/OS/MM8/MM8-OS/build/kernel/c/disk.obj
 .debug_frame   0x00000138      0x230 /home/mm8/Documents/OS/MM8/MM8-OS/build/kernel/c/fat.obj
 .debug_frame   0x00000368       0x34 /home/mm8/Documents/OS/MM8/MM8-OS/build/kernel/c/graphics.obj
 .debug_frame   0x0000039c       0x94 /home/mm8/Documents/OS/MM8/MM8-OS/build/kernel/c/heap.obj
 .debug_frame   0x00000430       0x6c /home/mm8/Documents/OS/MM8/MM8-OS/build/kernel/c/main.obj
 .debug_frame   0x0000049c       0x54 /home/mm8/Documents/OS/MM8/MM8-OS/build/kernel/c/math.obj
 .debug_frame   0x000004f0       0x94 /home/mm8/Documents/OS/MM8/MM8-OS/build/kernel/c/memory.obj
 .debug_frame   0x00000584      0x2a4 /home/mm8/Documents/OS/MM8/MM8-OS/build/kernel/c/stdio.obj
 .debug_frame   0x00000828       0xd4 /home/mm8/Documents/OS/MM8/MM8-OS/build/kernel/c/string.obj
 .debug_frame   0x000008fc       0x34 /home/mm8/Documents/OS/MM8/MM8-OS/build/kernel/c/commands/afk.obj
 .debug_frame   0x00000930       0x54 /home/mm8/Documents/OS/MM8/MM8-OS/build/kernel/c/commands/color.obj
 .debug_frame   0x00000984       0x94 /home/mm8/Documents/OS/MM8/MM8-OS/build/kernel/c/commands/command.obj
 .debug_frame   0x00000a18       0xb4 /home/mm8/Documents/OS/MM8/MM8-OS/build/kernel/c/commands/credits.obj
 .debug_frame   0x00000acc       0x34 /home/mm8/Documents/OS/MM8/MM8-OS/build/kernel/c/commands/json.obj
 .debug_frame   0x00000b00       0x34 /home/mm8/Documents/OS/MM8/MM8-OS/build/kernel/c/commands/mm8Splash.obj
 .debug_frame   0x00000b34       0x34 /home/mm8/Documents/OS/MM8/MM8-OS/build/kernel/c/hal/hal.obj
 .debug_frame   0x00000b68       0xb4 /home/mm8/Documents/OS/MM8/MM8-OS/build/kernel/c/apps/calc/calc.obj
 .debug_frame   0x00000c1c       0x54 /home/mm8/Documents/OS/MM8/MM8-OS/build/kernel/c/apps/editor/editor.obj
 .debug_frame   0x00000c70       0x34 /home/mm8/Documents/OS/MM8/MM8-OS/build/kernel/c/arch/i686/gdt.obj
 .debug_frame   0x00000ca4       0x94 /home/mm8/Documents/OS/MM8/MM8-OS/build/kernel/c/arch/i686/idt.obj
 .debug_frame   0x00000d38       0x34 /home/mm8/Documents/OS/MM8/MM8-OS/build/kernel/c/arch/i686/io.obj
 .debug_frame   0x00000d6c       0x74 /home/mm8/Documents/OS/MM8/MM8-OS/build/kernel/c/arch/i686/irq.obj
 .debug_frame   0x00000de0       0x80 /home/mm8/Documents/OS/MM8/MM8-OS/build/kernel/c/arch/i686/isr.obj
 .debug_frame   0x00000e60       0x34 /home/mm8/Documents/OS/MM8/MM8-OS/build/kernel/c/arch/i686/isrs_gen.obj
 .debug_frame   0x00000e94       0xb4 /home/mm8/Documents/OS/MM8/MM8-OS/build/kernel/c/arch/i686/keyboard.obj
 .debug_frame   0x00000f48       0xfc /home/mm8/Documents/OS/MM8/MM8-OS/build/kernel/c/arch/i686/pic.obj
 .debug_frame   0x00001044      0xe40 /home/mm8/Documents/OS/MM8/MM8-OS/build/kernel/c/libs/cJSON/cJSON.obj

.debug_rnglists
                0x00000000      0x102
 .debug_rnglists
                0x00000000       0x22 /home/mm8/Documents/OS/MM8/MM8-OS/build/kernel/c/fat.obj
 .debug_rnglists
                0x00000022       0x1b /home/mm8/Documents/OS/MM8/MM8-OS/build/kernel/c/main.obj
 .debug_rnglists
                0x0000003d       0x17 /home/mm8/Documents/OS/MM8/MM8-OS/build/kernel/c/apps/calc/calc.obj
 .debug_rnglists
                0x00000054       0x22 /home/mm8/Documents/OS/MM8/MM8-OS/build/kernel/c/apps/editor/editor.obj
 .debug_rnglists
                0x00000076       0x43 /home/mm8/Documents/OS/MM8/MM8-OS/build/kernel/c/libs/cJSON/cJSON.obj
 .debug_rnglists
                0x000000b9       0x2a /home/mm8/Documents/OS/MM8/MM8-OS/toolchain/i686-elf/lib/gcc/i686-elf/13.3.0/libgcc.a(_udivdi3.o)
 .debug_rnglists
                0x000000e3       0x1f /home/mm8/Documents/OS/MM8/MM8-OS/toolchain/i686-elf/lib/gcc/i686-elf/13.3.0/libgcc.a(_umoddi3.o)

.debug_loclists
                0x00000000      0x978
 .debug_loclists
                0x00000000      0x50c /home/mm8/Documents/OS/MM8/MM8-OS/toolchain/i686-elf/lib/gcc/i686-elf/13.3.0/libgcc.a(_udivdi3.o)
 .debug_loclists
                0x0000050c      0x46c /home/mm8/Documents/OS/MM8/MM8-OS/toolchain/i686-elf/lib/gcc/i686-elf/13.3.0/libgcc.a(_umoddi3.o)
