Archive member included to satisfy reference by file (symbol)

/home/mm8/Documents/OS/MM8/MM8-OS/toolchain/i686-elf/lib/gcc/i686-elf/13.3.0/libgcc.a(_udivdi3.o)
                              /home/mm8/Documents/OS/MM8/MM8-OS/build/kernel/c/stdio.obj (__udivdi3)
/home/mm8/Documents/OS/MM8/MM8-OS/toolchain/i686-elf/lib/gcc/i686-elf/13.3.0/libgcc.a(_umoddi3.o)
                              /home/mm8/Documents/OS/MM8/MM8-OS/build/kernel/c/stdio.obj (__umoddi3)

There are no discarded input sections

Memory Configuration

Name             Origin             Length             Attributes
*default*        0x00000000         0xffffffff

Linker script and memory map

LOAD /home/mm8/Documents/OS/MM8/MM8-OS/build/kernel/asm/start.obj
LOAD /home/mm8/Documents/OS/MM8/MM8-OS/build/kernel/asm/arch/i686/gdt.obj
LOAD /home/mm8/Documents/OS/MM8/MM8-OS/build/kernel/asm/arch/i686/idt.obj
LOAD /home/mm8/Documents/OS/MM8/MM8-OS/build/kernel/asm/arch/i686/io.obj
LOAD /home/mm8/Documents/OS/MM8/MM8-OS/build/kernel/asm/arch/i686/isr.obj
LOAD /home/mm8/Documents/OS/MM8/MM8-OS/build/kernel/c/ctype.obj
LOAD /home/mm8/Documents/OS/MM8/MM8-OS/build/kernel/c/disk.obj
LOAD /home/mm8/Documents/OS/MM8/MM8-OS/build/kernel/c/fat.obj
LOAD /home/mm8/Documents/OS/MM8/MM8-OS/build/kernel/c/main.obj
LOAD /home/mm8/Documents/OS/MM8/MM8-OS/build/kernel/c/memory.obj
LOAD /home/mm8/Documents/OS/MM8/MM8-OS/build/kernel/c/stdio.obj
LOAD /home/mm8/Documents/OS/MM8/MM8-OS/build/kernel/c/string.obj
LOAD /home/mm8/Documents/OS/MM8/MM8-OS/build/kernel/c/commands/command.obj
LOAD /home/mm8/Documents/OS/MM8/MM8-OS/build/kernel/c/hal/hal.obj
LOAD /home/mm8/Documents/OS/MM8/MM8-OS/build/kernel/c/apps/editor/editor.obj
LOAD /home/mm8/Documents/OS/MM8/MM8-OS/build/kernel/c/arch/i686/gdt.obj
LOAD /home/mm8/Documents/OS/MM8/MM8-OS/build/kernel/c/arch/i686/idt.obj
LOAD /home/mm8/Documents/OS/MM8/MM8-OS/build/kernel/c/arch/i686/io.obj
LOAD /home/mm8/Documents/OS/MM8/MM8-OS/build/kernel/c/arch/i686/irq.obj
LOAD /home/mm8/Documents/OS/MM8/MM8-OS/build/kernel/c/arch/i686/isr.obj
LOAD /home/mm8/Documents/OS/MM8/MM8-OS/build/kernel/c/arch/i686/isrs_gen.obj
LOAD /home/mm8/Documents/OS/MM8/MM8-OS/build/kernel/c/arch/i686/keyboard.obj
LOAD /home/mm8/Documents/OS/MM8/MM8-OS/build/kernel/c/arch/i686/pic.obj
LOAD /home/mm8/Documents/OS/MM8/MM8-OS/toolchain/i686-elf/lib/gcc/i686-elf/13.3.0/libgcc.a
                0x00100000                        phys = 0x100000
                0x00100000                        . = phys

.entry          0x00100000      0x129
                0x00100000                        __entry_start = .
 *(.entry)
 .entry         0x00100000      0x129 /home/mm8/Documents/OS/MM8/MM8-OS/build/kernel/c/main.obj
                0x00100000                start

.text           0x00100130     0x5d96
                0x00100130                        __text_start = .
 *(.text)
 .text          0x00100130       0x1f /home/mm8/Documents/OS/MM8/MM8-OS/build/kernel/asm/start.obj
                0x00100130                _start
 *fill*         0x0010014f        0x1 
 .text          0x00100150       0x25 /home/mm8/Documents/OS/MM8/MM8-OS/build/kernel/asm/arch/i686/gdt.obj
                0x00100150                i686_GDT_Load
 *fill*         0x00100175        0xb 
 .text          0x00100180        0xd /home/mm8/Documents/OS/MM8/MM8-OS/build/kernel/asm/arch/i686/idt.obj
                0x00100180                i686_IDT_Load
 *fill*         0x0010018d        0x3 
 .text          0x00100190       0x1d /home/mm8/Documents/OS/MM8/MM8-OS/build/kernel/asm/arch/i686/io.obj
                0x00100190                i686_outb
                0x0010019b                i686_inb
                0x001001a4                i686_Panic
                0x001001a6                i686_EnableInterrupts
                0x001001a8                i686_DisableInterrupts
                0x001001aa                crash_me
 *fill*         0x001001ad        0x3 
 .text          0x001001b0      0xa6d /home/mm8/Documents/OS/MM8/MM8-OS/build/kernel/asm/arch/i686/isr.obj
                0x001001b0                i686_ISR0
                0x001001b9                i686_ISR1
                0x001001c2                i686_ISR2
                0x001001cb                i686_ISR3
                0x001001d4                i686_ISR4
                0x001001dd                i686_ISR5
                0x001001e6                i686_ISR6
                0x001001ef                i686_ISR7
                0x001001f8                i686_ISR8
                0x001001ff                i686_ISR9
                0x00100208                i686_ISR10
                0x0010020f                i686_ISR11
                0x00100216                i686_ISR12
                0x0010021d                i686_ISR13
                0x00100224                i686_ISR14
                0x0010022b                i686_ISR15
                0x00100234                i686_ISR16
                0x0010023d                i686_ISR17
                0x00100244                i686_ISR18
                0x0010024d                i686_ISR19
                0x00100256                i686_ISR20
                0x0010025f                i686_ISR21
                0x00100266                i686_ISR22
                0x0010026f                i686_ISR23
                0x00100278                i686_ISR24
                0x00100281                i686_ISR25
                0x0010028a                i686_ISR26
                0x00100293                i686_ISR27
                0x0010029c                i686_ISR28
                0x001002a5                i686_ISR29
                0x001002ae                i686_ISR30
                0x001002b7                i686_ISR31
                0x001002c0                i686_ISR32
                0x001002c9                i686_ISR33
                0x001002d2                i686_ISR34
                0x001002db                i686_ISR35
                0x001002e4                i686_ISR36
                0x001002ed                i686_ISR37
                0x001002f6                i686_ISR38
                0x001002ff                i686_ISR39
                0x00100308                i686_ISR40
                0x00100311                i686_ISR41
                0x0010031a                i686_ISR42
                0x00100323                i686_ISR43
                0x0010032c                i686_ISR44
                0x00100335                i686_ISR45
                0x0010033e                i686_ISR46
                0x00100347                i686_ISR47
                0x00100350                i686_ISR48
                0x00100359                i686_ISR49
                0x00100362                i686_ISR50
                0x0010036b                i686_ISR51
                0x00100374                i686_ISR52
                0x0010037d                i686_ISR53
                0x00100386                i686_ISR54
                0x0010038f                i686_ISR55
                0x00100398                i686_ISR56
                0x001003a1                i686_ISR57
                0x001003aa                i686_ISR58
                0x001003b3                i686_ISR59
                0x001003bc                i686_ISR60
                0x001003c5                i686_ISR61
                0x001003ce                i686_ISR62
                0x001003d7                i686_ISR63
                0x001003e0                i686_ISR64
                0x001003e9                i686_ISR65
                0x001003f2                i686_ISR66
                0x001003fb                i686_ISR67
                0x00100404                i686_ISR68
                0x0010040d                i686_ISR69
                0x00100416                i686_ISR70
                0x0010041f                i686_ISR71
                0x00100428                i686_ISR72
                0x00100431                i686_ISR73
                0x0010043a                i686_ISR74
                0x00100443                i686_ISR75
                0x0010044c                i686_ISR76
                0x00100455                i686_ISR77
                0x0010045e                i686_ISR78
                0x00100467                i686_ISR79
                0x00100470                i686_ISR80
                0x00100479                i686_ISR81
                0x00100482                i686_ISR82
                0x0010048b                i686_ISR83
                0x00100494                i686_ISR84
                0x0010049d                i686_ISR85
                0x001004a6                i686_ISR86
                0x001004af                i686_ISR87
                0x001004b8                i686_ISR88
                0x001004c1                i686_ISR89
                0x001004ca                i686_ISR90
                0x001004d3                i686_ISR91
                0x001004dc                i686_ISR92
                0x001004e5                i686_ISR93
                0x001004ee                i686_ISR94
                0x001004f7                i686_ISR95
                0x00100500                i686_ISR96
                0x00100509                i686_ISR97
                0x00100512                i686_ISR98
                0x0010051b                i686_ISR99
                0x00100524                i686_ISR100
                0x0010052d                i686_ISR101
                0x00100536                i686_ISR102
                0x0010053f                i686_ISR103
                0x00100548                i686_ISR104
                0x00100551                i686_ISR105
                0x0010055a                i686_ISR106
                0x00100563                i686_ISR107
                0x0010056c                i686_ISR108
                0x00100575                i686_ISR109
                0x0010057e                i686_ISR110
                0x00100587                i686_ISR111
                0x00100590                i686_ISR112
                0x00100599                i686_ISR113
                0x001005a2                i686_ISR114
                0x001005ab                i686_ISR115
                0x001005b4                i686_ISR116
                0x001005bd                i686_ISR117
                0x001005c6                i686_ISR118
                0x001005cf                i686_ISR119
                0x001005d8                i686_ISR120
                0x001005e1                i686_ISR121
                0x001005ea                i686_ISR122
                0x001005f3                i686_ISR123
                0x001005fc                i686_ISR124
                0x00100605                i686_ISR125
                0x0010060e                i686_ISR126
                0x00100617                i686_ISR127
                0x00100620                i686_ISR128
                0x0010062c                i686_ISR129
                0x00100638                i686_ISR130
                0x00100644                i686_ISR131
                0x00100650                i686_ISR132
                0x0010065c                i686_ISR133
                0x00100668                i686_ISR134
                0x00100674                i686_ISR135
                0x00100680                i686_ISR136
                0x0010068c                i686_ISR137
                0x00100698                i686_ISR138
                0x001006a4                i686_ISR139
                0x001006b0                i686_ISR140
                0x001006bc                i686_ISR141
                0x001006c8                i686_ISR142
                0x001006d4                i686_ISR143
                0x001006e0                i686_ISR144
                0x001006ec                i686_ISR145
                0x001006f8                i686_ISR146
                0x00100704                i686_ISR147
                0x00100710                i686_ISR148
                0x0010071c                i686_ISR149
                0x00100728                i686_ISR150
                0x00100734                i686_ISR151
                0x00100740                i686_ISR152
                0x0010074c                i686_ISR153
                0x00100758                i686_ISR154
                0x00100764                i686_ISR155
                0x00100770                i686_ISR156
                0x0010077c                i686_ISR157
                0x00100788                i686_ISR158
                0x00100794                i686_ISR159
                0x001007a0                i686_ISR160
                0x001007ac                i686_ISR161
                0x001007b8                i686_ISR162
                0x001007c4                i686_ISR163
                0x001007d0                i686_ISR164
                0x001007dc                i686_ISR165
                0x001007e8                i686_ISR166
                0x001007f4                i686_ISR167
                0x00100800                i686_ISR168
                0x0010080c                i686_ISR169
                0x00100818                i686_ISR170
                0x00100824                i686_ISR171
                0x00100830                i686_ISR172
                0x0010083c                i686_ISR173
                0x00100848                i686_ISR174
                0x00100854                i686_ISR175
                0x00100860                i686_ISR176
                0x0010086c                i686_ISR177
                0x00100878                i686_ISR178
                0x00100884                i686_ISR179
                0x00100890                i686_ISR180
                0x0010089c                i686_ISR181
                0x001008a8                i686_ISR182
                0x001008b4                i686_ISR183
                0x001008c0                i686_ISR184
                0x001008cc                i686_ISR185
                0x001008d8                i686_ISR186
                0x001008e4                i686_ISR187
                0x001008f0                i686_ISR188
                0x001008fc                i686_ISR189
                0x00100908                i686_ISR190
                0x00100914                i686_ISR191
                0x00100920                i686_ISR192
                0x0010092c                i686_ISR193
                0x00100938                i686_ISR194
                0x00100944                i686_ISR195
                0x00100950                i686_ISR196
                0x0010095c                i686_ISR197
                0x00100968                i686_ISR198
                0x00100974                i686_ISR199
                0x00100980                i686_ISR200
                0x0010098c                i686_ISR201
                0x00100998                i686_ISR202
                0x001009a4                i686_ISR203
                0x001009b0                i686_ISR204
                0x001009bc                i686_ISR205
                0x001009c8                i686_ISR206
                0x001009d4                i686_ISR207
                0x001009e0                i686_ISR208
                0x001009ec                i686_ISR209
                0x001009f8                i686_ISR210
                0x00100a04                i686_ISR211
                0x00100a10                i686_ISR212
                0x00100a1c                i686_ISR213
                0x00100a28                i686_ISR214
                0x00100a34                i686_ISR215
                0x00100a40                i686_ISR216
                0x00100a4c                i686_ISR217
                0x00100a58                i686_ISR218
                0x00100a64                i686_ISR219
                0x00100a70                i686_ISR220
                0x00100a7c                i686_ISR221
                0x00100a88                i686_ISR222
                0x00100a94                i686_ISR223
                0x00100aa0                i686_ISR224
                0x00100aac                i686_ISR225
                0x00100ab8                i686_ISR226
                0x00100ac4                i686_ISR227
                0x00100ad0                i686_ISR228
                0x00100adc                i686_ISR229
                0x00100ae8                i686_ISR230
                0x00100af4                i686_ISR231
                0x00100b00                i686_ISR232
                0x00100b0c                i686_ISR233
                0x00100b18                i686_ISR234
                0x00100b24                i686_ISR235
                0x00100b30                i686_ISR236
                0x00100b3c                i686_ISR237
                0x00100b48                i686_ISR238
                0x00100b54                i686_ISR239
                0x00100b60                i686_ISR240
                0x00100b6c                i686_ISR241
                0x00100b75                i686_ISR242
                0x00100b7e                i686_ISR243
                0x00100b87                i686_ISR244
                0x00100b90                i686_ISR245
                0x00100b99                i686_ISR246
                0x00100ba2                i686_ISR247
                0x00100bab                i686_ISR248
                0x00100bb4                i686_ISR249
                0x00100bbd                i686_ISR250
                0x00100bc6                i686_ISR251
                0x00100bcf                i686_ISR252
                0x00100bd8                i686_ISR253
                0x00100be1                i686_ISR254
                0x00100bea                i686_ISR255
 .text          0x00100c1d       0x1c /home/mm8/Documents/OS/MM8/MM8-OS/build/kernel/c/ctype.obj
                0x00100c1d                toupper
 .text          0x00100c39      0x578 /home/mm8/Documents/OS/MM8/MM8-OS/build/kernel/c/disk.obj
                0x00100ca1                DISK_Initialize
                0x00100e99                DISK_ReadSectors
                0x00101010                DISK_WriteSectors
 .text          0x001011b1     0x1241 /home/mm8/Documents/OS/MM8/MM8-OS/build/kernel/c/fat.obj
                0x001011b1                FAT_ReadBootSector
                0x001011d4                FAT_ReadFat
                0x0010120f                FAT_Initialize
                0x00101561                FAT_ClusterToLba
                0x00101582                FAT_OpenEntry
                0x0010171e                FAT_NextCluster
                0x00101921                FAT_Flush
                0x001019ae                FAT_Write
                0x00101c29                FAT_Read
                0x00101e66                FAT_ReadEntry
                0x00101e87                FAT_Close
                0x00101feb                FAT_FindFile
                0x00102166                FAT_Open
 .text          0x001023f2       0xd1 /home/mm8/Documents/OS/MM8/MM8-OS/build/kernel/c/main.obj
                0x001023f2                timer
                0x001023f8                add_to_history
 .text          0x001024c3      0x1a7 /home/mm8/Documents/OS/MM8/MM8-OS/build/kernel/c/memory.obj
                0x001024c3                memcpy
                0x00102515                memset
                0x00102558                memcmp
                0x001025d5                memmove
 .text          0x0010266a      0xb7f /home/mm8/Documents/OS/MM8/MM8-OS/build/kernel/c/stdio.obj
                0x0010266a                putchr
                0x0010269e                putcolor
                0x001026d5                getchr
                0x001026fb                getcolor
                0x00102724                setcursor
                0x00102799                clrscr
                0x00102814                scrollback
                0x00102a91                view_scrollback_up
                0x00102afd                view_scrollback_down
                0x00102b74                putc
                0x00102d0b                puts
                0x00102d3a                printf_unsigned
                0x00102dde                printf_signed
                0x00102e3b                printf
                0x00103150                print_buffer
 .text          0x001031e9      0x175 /home/mm8/Documents/OS/MM8/MM8-OS/build/kernel/c/string.obj
                0x001031e9                strcmp
                0x00103228                strlen
                0x0010324f                strcpy
                0x00103289                strncmp
                0x001032fb                strchr
                0x00103329                strrchr
 .text          0x0010335e      0x2fb /home/mm8/Documents/OS/MM8/MM8-OS/build/kernel/c/commands/command.obj
                0x00103555                command_dispatch
 .text          0x00103659       0x1d /home/mm8/Documents/OS/MM8/MM8-OS/build/kernel/c/hal/hal.obj
                0x00103659                HAL_Initialize
 .text          0x00103676      0x55b /home/mm8/Documents/OS/MM8/MM8-OS/build/kernel/c/apps/editor/editor.obj
                0x0010372a                editor_handle_command
 .text          0x00103bd1       0x1d /home/mm8/Documents/OS/MM8/MM8-OS/build/kernel/c/arch/i686/gdt.obj
                0x00103bd1                i686_GDT_Initialize
 .text          0x00103bee       0xba /home/mm8/Documents/OS/MM8/MM8-OS/build/kernel/c/arch/i686/idt.obj
                0x00103bee                i686_IDT_SetGate
                0x00103c4f                i686_IDT_EnableGate
                0x00103c6f                i686_IDT_DisableGate
                0x00103c8f                i686_IDT_Initialize
 .text          0x00103ca8       0x1b /home/mm8/Documents/OS/MM8/MM8-OS/build/kernel/c/arch/i686/io.obj
                0x00103ca8                i686_iowait
 .text          0x00103cc3       0xd9 /home/mm8/Documents/OS/MM8/MM8-OS/build/kernel/c/arch/i686/irq.obj
                0x00103cc3                i686_IRQ_Handler
                0x00103d35                i686_IRQ_Initialize
                0x00103d78                i686_IRQ_RegisterHandler
 .text          0x00103d9c      0x1a1 /home/mm8/Documents/OS/MM8/MM8-OS/build/kernel/c/arch/i686/isr.obj
                0x00103d9c                i686_ISR_Initialize
                0x00103dde                i686_ISR_Handler
                0x00103f19                i686_ISR_RegisterHandler
 .text          0x00103f3d     0x1489 /home/mm8/Documents/OS/MM8/MM8-OS/build/kernel/c/arch/i686/isrs_gen.obj
                0x00103f3d                i686_ISR_InitializeGates
 .text          0x001053c6      0x5dd /home/mm8/Documents/OS/MM8/MM8-OS/build/kernel/c/arch/i686/keyboard.obj
                0x00105449                keyboard_irq_handler
                0x00105884                i686_Keyboard_Initialize
                0x001058bf                gets
                0x0010595b                getch
 .text          0x001059a3      0x2c6 /home/mm8/Documents/OS/MM8/MM8-OS/build/kernel/c/arch/i686/pic.obj
                0x001059a3                i686_PIC_Configure
                0x00105a9b                i686_PIC_SendEndOfInterrupt
                0x00105acb                i686_PIC_Disable
                0x00105b05                i686_PIC_Mask
                0x00105b5f                i686_PIC_Unmask
                0x00105bbb                i686_PIC_ReadIrqRequestRegister
                0x00105c12                i686_PIC_ReadInServiceRegister
 *fill*         0x00105c69        0x7 
 .text          0x00105c70      0x11a /home/mm8/Documents/OS/MM8/MM8-OS/toolchain/i686-elf/lib/gcc/i686-elf/13.3.0/libgcc.a(_udivdi3.o)
                0x00105c70                __udivdi3
 *fill*         0x00105d8a        0x6 
 .text          0x00105d90      0x136 /home/mm8/Documents/OS/MM8/MM8-OS/toolchain/i686-elf/lib/gcc/i686-elf/13.3.0/libgcc.a(_umoddi3.o)
                0x00105d90                __umoddi3

.data           0x00105ec8       0x34
                0x00105ec8                        __data_start = .
 *(.data)
 .data          0x00105ec8        0x0 /home/mm8/Documents/OS/MM8/MM8-OS/build/kernel/c/ctype.obj
 .data          0x00105ec8        0x0 /home/mm8/Documents/OS/MM8/MM8-OS/build/kernel/c/disk.obj
 .data          0x00105ec8        0x0 /home/mm8/Documents/OS/MM8/MM8-OS/build/kernel/c/fat.obj
 .data          0x00105ec8        0x0 /home/mm8/Documents/OS/MM8/MM8-OS/build/kernel/c/main.obj
 .data          0x00105ec8        0x0 /home/mm8/Documents/OS/MM8/MM8-OS/build/kernel/c/memory.obj
 .data          0x00105ec8        0x4 /home/mm8/Documents/OS/MM8/MM8-OS/build/kernel/c/stdio.obj
                0x00105ec8                g_ScreenBuffer
 .data          0x00105ecc        0x0 /home/mm8/Documents/OS/MM8/MM8-OS/build/kernel/c/string.obj
 .data          0x00105ecc        0x0 /home/mm8/Documents/OS/MM8/MM8-OS/build/kernel/c/commands/command.obj
 .data          0x00105ecc        0x0 /home/mm8/Documents/OS/MM8/MM8-OS/build/kernel/c/hal/hal.obj
 .data          0x00105ecc        0x0 /home/mm8/Documents/OS/MM8/MM8-OS/build/kernel/c/apps/editor/editor.obj
 .data          0x00105ecc       0x1e /home/mm8/Documents/OS/MM8/MM8-OS/build/kernel/c/arch/i686/gdt.obj
                0x00105ecc                g_GDT
                0x00105ee4                g_GDTDescriptor
 *fill*         0x00105eea        0x2 
 .data          0x00105eec        0x6 /home/mm8/Documents/OS/MM8/MM8-OS/build/kernel/c/arch/i686/idt.obj
                0x00105eec                g_IDTDescriptor
 .data          0x00105ef2        0x0 /home/mm8/Documents/OS/MM8/MM8-OS/build/kernel/c/arch/i686/io.obj
 .data          0x00105ef2        0x0 /home/mm8/Documents/OS/MM8/MM8-OS/build/kernel/c/arch/i686/irq.obj
 .data          0x00105ef2        0x0 /home/mm8/Documents/OS/MM8/MM8-OS/build/kernel/c/arch/i686/isr.obj
 .data          0x00105ef2        0x0 /home/mm8/Documents/OS/MM8/MM8-OS/build/kernel/c/arch/i686/isrs_gen.obj
 *fill*         0x00105ef2        0x2 
 .data          0x00105ef4        0x8 /home/mm8/Documents/OS/MM8/MM8-OS/build/kernel/c/arch/i686/keyboard.obj
 .data          0x00105efc        0x0 /home/mm8/Documents/OS/MM8/MM8-OS/build/kernel/c/arch/i686/pic.obj
 .data          0x00105efc        0x0 /home/mm8/Documents/OS/MM8/MM8-OS/toolchain/i686-elf/lib/gcc/i686-elf/13.3.0/libgcc.a(_udivdi3.o)
 .data          0x00105efc        0x0 /home/mm8/Documents/OS/MM8/MM8-OS/toolchain/i686-elf/lib/gcc/i686-elf/13.3.0/libgcc.a(_umoddi3.o)

.rodata         0x00105f00      0xcf4
                0x00105f00                        __rodata_start = .
 *(.rodata)
 .rodata        0x00105f00       0xe9 /home/mm8/Documents/OS/MM8/MM8-OS/build/kernel/c/disk.obj
 *fill*         0x00105fe9        0x3 
 .rodata        0x00105fec      0x2a7 /home/mm8/Documents/OS/MM8/MM8-OS/build/kernel/c/fat.obj
 *fill*         0x00106293        0x1 
 .rodata        0x00106294       0x8c /home/mm8/Documents/OS/MM8/MM8-OS/build/kernel/c/main.obj
 .rodata        0x00106320       0xae /home/mm8/Documents/OS/MM8/MM8-OS/build/kernel/c/stdio.obj
                0x00106320                g_HexChars
 *fill*         0x001063ce        0x2 
 .rodata        0x001063d0      0x22c /home/mm8/Documents/OS/MM8/MM8-OS/build/kernel/c/commands/command.obj
 .rodata        0x001065fc       0x7c /home/mm8/Documents/OS/MM8/MM8-OS/build/kernel/c/apps/editor/editor.obj
 .rodata        0x00106678       0x25 /home/mm8/Documents/OS/MM8/MM8-OS/build/kernel/c/arch/i686/irq.obj
 *fill*         0x0010669d        0x3 
 .rodata        0x001066a0      0x34f /home/mm8/Documents/OS/MM8/MM8-OS/build/kernel/c/arch/i686/isr.obj
 *fill*         0x001069ef       0x11 
 .rodata        0x00106a00      0x1f4 /home/mm8/Documents/OS/MM8/MM8-OS/build/kernel/c/arch/i686/keyboard.obj

.eh_frame       0x00106bf4       0xd8
 .eh_frame      0x00106bf4       0x64 /home/mm8/Documents/OS/MM8/MM8-OS/toolchain/i686-elf/lib/gcc/i686-elf/13.3.0/libgcc.a(_udivdi3.o)
 .eh_frame      0x00106c58       0x74 /home/mm8/Documents/OS/MM8/MM8-OS/toolchain/i686-elf/lib/gcc/i686-elf/13.3.0/libgcc.a(_umoddi3.o)

.bss            0x00106ce0     0x58ac
                0x00106ce0                        __bss_start = .
 *(.bss)
 .bss           0x00106ce0        0x0 /home/mm8/Documents/OS/MM8/MM8-OS/build/kernel/c/ctype.obj
 .bss           0x00106ce0        0x0 /home/mm8/Documents/OS/MM8/MM8-OS/build/kernel/c/disk.obj
 .bss           0x00106ce0     0x2028 /home/mm8/Documents/OS/MM8/MM8-OS/build/kernel/c/fat.obj
 *fill*         0x00108d08       0x18 
 .bss           0x00108d20      0xa28 /home/mm8/Documents/OS/MM8/MM8-OS/build/kernel/c/main.obj
                0x00108d20                g_Disk
 .bss           0x00109748        0x0 /home/mm8/Documents/OS/MM8/MM8-OS/build/kernel/c/memory.obj
 *fill*         0x00109748       0x18 
 .bss           0x00109760     0x1081 /home/mm8/Documents/OS/MM8/MM8-OS/build/kernel/c/stdio.obj
                0x00109760                g_ScreenX
                0x00109764                g_ScreenY
                0x00109780                scrollback_buffer
                0x00109820                scrollback_start
                0x00109824                scrollback_count
                0x00109828                scrollback_view
 .bss           0x0010a7e1        0x0 /home/mm8/Documents/OS/MM8/MM8-OS/build/kernel/c/string.obj
 .bss           0x0010a7e1        0x0 /home/mm8/Documents/OS/MM8/MM8-OS/build/kernel/c/commands/command.obj
 .bss           0x0010a7e1        0x0 /home/mm8/Documents/OS/MM8/MM8-OS/build/kernel/c/hal/hal.obj
 *fill*         0x0010a7e1       0x1f 
 .bss           0x0010a800     0x1000 /home/mm8/Documents/OS/MM8/MM8-OS/build/kernel/c/apps/editor/editor.obj
 .bss           0x0010b800        0x0 /home/mm8/Documents/OS/MM8/MM8-OS/build/kernel/c/arch/i686/gdt.obj
 .bss           0x0010b800      0x800 /home/mm8/Documents/OS/MM8/MM8-OS/build/kernel/c/arch/i686/idt.obj
                0x0010b800                g_IDT
 .bss           0x0010c000        0x0 /home/mm8/Documents/OS/MM8/MM8-OS/build/kernel/c/arch/i686/io.obj
 .bss           0x0010c000       0x40 /home/mm8/Documents/OS/MM8/MM8-OS/build/kernel/c/arch/i686/irq.obj
                0x0010c000                g_IRQHandlers
 .bss           0x0010c040      0x400 /home/mm8/Documents/OS/MM8/MM8-OS/build/kernel/c/arch/i686/isr.obj
                0x0010c040                g_ISRHandlers
 .bss           0x0010c440        0x0 /home/mm8/Documents/OS/MM8/MM8-OS/build/kernel/c/arch/i686/isrs_gen.obj
 .bss           0x0010c440      0x140 /home/mm8/Documents/OS/MM8/MM8-OS/build/kernel/c/arch/i686/keyboard.obj
 .bss           0x0010c580        0xc /home/mm8/Documents/OS/MM8/MM8-OS/build/kernel/c/arch/i686/pic.obj
                0x0010c580                PIC_ICW1
                0x0010c584                PIC_ICW4
                0x0010c588                PIC_CMD
 .bss           0x0010c58c        0x0 /home/mm8/Documents/OS/MM8/MM8-OS/toolchain/i686-elf/lib/gcc/i686-elf/13.3.0/libgcc.a(_udivdi3.o)
 .bss           0x0010c58c        0x0 /home/mm8/Documents/OS/MM8/MM8-OS/toolchain/i686-elf/lib/gcc/i686-elf/13.3.0/libgcc.a(_umoddi3.o)
                0x0010c58c                        __end = .
OUTPUT(/home/mm8/Documents/OS/MM8/MM8-OS/build/kernel.bin binary)

.debug_info     0x00000000     0x4d9c
 .debug_info    0x00000000       0x56 /home/mm8/Documents/OS/MM8/MM8-OS/build/kernel/c/ctype.obj
 .debug_info    0x00000056      0x2fc /home/mm8/Documents/OS/MM8/MM8-OS/build/kernel/c/disk.obj
 .debug_info    0x00000352      0xe07 /home/mm8/Documents/OS/MM8/MM8-OS/build/kernel/c/fat.obj
 .debug_info    0x00001159      0x403 /home/mm8/Documents/OS/MM8/MM8-OS/build/kernel/c/main.obj
 .debug_info    0x0000155c      0x26d /home/mm8/Documents/OS/MM8/MM8-OS/build/kernel/c/memory.obj
 .debug_info    0x000017c9      0x6ad /home/mm8/Documents/OS/MM8/MM8-OS/build/kernel/c/stdio.obj
 .debug_info    0x00001e76      0x1c6 /home/mm8/Documents/OS/MM8/MM8-OS/build/kernel/c/string.obj
 .debug_info    0x0000203c      0x2e8 /home/mm8/Documents/OS/MM8/MM8-OS/build/kernel/c/commands/command.obj
 .debug_info    0x00002324       0xa5 /home/mm8/Documents/OS/MM8/MM8-OS/build/kernel/c/hal/hal.obj
 .debug_info    0x000023c9      0x41c /home/mm8/Documents/OS/MM8/MM8-OS/build/kernel/c/apps/editor/editor.obj
 .debug_info    0x000027e5      0x1f3 /home/mm8/Documents/OS/MM8/MM8-OS/build/kernel/c/arch/i686/gdt.obj
 .debug_info    0x000029d8      0x247 /home/mm8/Documents/OS/MM8/MM8-OS/build/kernel/c/arch/i686/idt.obj
 .debug_info    0x00002c1f       0x9e /home/mm8/Documents/OS/MM8/MM8-OS/build/kernel/c/arch/i686/io.obj
 .debug_info    0x00002cbd      0x2e0 /home/mm8/Documents/OS/MM8/MM8-OS/build/kernel/c/arch/i686/irq.obj
 .debug_info    0x00002f9d      0x28e /home/mm8/Documents/OS/MM8/MM8-OS/build/kernel/c/arch/i686/isr.obj
 .debug_info    0x0000322b      0xcfb /home/mm8/Documents/OS/MM8/MM8-OS/build/kernel/c/arch/i686/isrs_gen.obj
 .debug_info    0x00003f26      0x5ae /home/mm8/Documents/OS/MM8/MM8-OS/build/kernel/c/arch/i686/keyboard.obj
 .debug_info    0x000044d4      0x259 /home/mm8/Documents/OS/MM8/MM8-OS/build/kernel/c/arch/i686/pic.obj
 .debug_info    0x0000472d      0x32c /home/mm8/Documents/OS/MM8/MM8-OS/toolchain/i686-elf/lib/gcc/i686-elf/13.3.0/libgcc.a(_udivdi3.o)
 .debug_info    0x00004a59      0x343 /home/mm8/Documents/OS/MM8/MM8-OS/toolchain/i686-elf/lib/gcc/i686-elf/13.3.0/libgcc.a(_umoddi3.o)

.debug_abbrev   0x00000000     0x19a4
 .debug_abbrev  0x00000000       0x4d /home/mm8/Documents/OS/MM8/MM8-OS/build/kernel/c/ctype.obj
 .debug_abbrev  0x0000004d      0x173 /home/mm8/Documents/OS/MM8/MM8-OS/build/kernel/c/disk.obj
 .debug_abbrev  0x000001c0      0x2b5 /home/mm8/Documents/OS/MM8/MM8-OS/build/kernel/c/fat.obj
 .debug_abbrev  0x00000475      0x17c /home/mm8/Documents/OS/MM8/MM8-OS/build/kernel/c/main.obj
 .debug_abbrev  0x000005f1       0xec /home/mm8/Documents/OS/MM8/MM8-OS/build/kernel/c/memory.obj
 .debug_abbrev  0x000006dd      0x24d /home/mm8/Documents/OS/MM8/MM8-OS/build/kernel/c/stdio.obj
 .debug_abbrev  0x0000092a       0xc5 /home/mm8/Documents/OS/MM8/MM8-OS/build/kernel/c/string.obj
 .debug_abbrev  0x000009ef      0x1b1 /home/mm8/Documents/OS/MM8/MM8-OS/build/kernel/c/commands/command.obj
 .debug_abbrev  0x00000ba0       0x5a /home/mm8/Documents/OS/MM8/MM8-OS/build/kernel/c/hal/hal.obj
 .debug_abbrev  0x00000bfa      0x1b7 /home/mm8/Documents/OS/MM8/MM8-OS/build/kernel/c/apps/editor/editor.obj
 .debug_abbrev  0x00000db1       0xf0 /home/mm8/Documents/OS/MM8/MM8-OS/build/kernel/c/arch/i686/gdt.obj
 .debug_abbrev  0x00000ea1      0x122 /home/mm8/Documents/OS/MM8/MM8-OS/build/kernel/c/arch/i686/idt.obj
 .debug_abbrev  0x00000fc3       0x6d /home/mm8/Documents/OS/MM8/MM8-OS/build/kernel/c/arch/i686/io.obj
 .debug_abbrev  0x00001030      0x182 /home/mm8/Documents/OS/MM8/MM8-OS/build/kernel/c/arch/i686/irq.obj
 .debug_abbrev  0x000011b2      0x150 /home/mm8/Documents/OS/MM8/MM8-OS/build/kernel/c/arch/i686/isr.obj
 .debug_abbrev  0x00001302       0xbf /home/mm8/Documents/OS/MM8/MM8-OS/build/kernel/c/arch/i686/isrs_gen.obj
 .debug_abbrev  0x000013c1      0x1bd /home/mm8/Documents/OS/MM8/MM8-OS/build/kernel/c/arch/i686/keyboard.obj
 .debug_abbrev  0x0000157e      0x15a /home/mm8/Documents/OS/MM8/MM8-OS/build/kernel/c/arch/i686/pic.obj
 .debug_abbrev  0x000016d8      0x15b /home/mm8/Documents/OS/MM8/MM8-OS/toolchain/i686-elf/lib/gcc/i686-elf/13.3.0/libgcc.a(_udivdi3.o)
 .debug_abbrev  0x00001833      0x171 /home/mm8/Documents/OS/MM8/MM8-OS/toolchain/i686-elf/lib/gcc/i686-elf/13.3.0/libgcc.a(_umoddi3.o)

.debug_aranges  0x00000000      0x288
 .debug_aranges
                0x00000000       0x20 /home/mm8/Documents/OS/MM8/MM8-OS/build/kernel/c/ctype.obj
 .debug_aranges
                0x00000020       0x20 /home/mm8/Documents/OS/MM8/MM8-OS/build/kernel/c/disk.obj
 .debug_aranges
                0x00000040       0x20 /home/mm8/Documents/OS/MM8/MM8-OS/build/kernel/c/fat.obj
 .debug_aranges
                0x00000060       0x28 /home/mm8/Documents/OS/MM8/MM8-OS/build/kernel/c/main.obj
 .debug_aranges
                0x00000088       0x20 /home/mm8/Documents/OS/MM8/MM8-OS/build/kernel/c/memory.obj
 .debug_aranges
                0x000000a8       0x20 /home/mm8/Documents/OS/MM8/MM8-OS/build/kernel/c/stdio.obj
 .debug_aranges
                0x000000c8       0x20 /home/mm8/Documents/OS/MM8/MM8-OS/build/kernel/c/string.obj
 .debug_aranges
                0x000000e8       0x20 /home/mm8/Documents/OS/MM8/MM8-OS/build/kernel/c/commands/command.obj
 .debug_aranges
                0x00000108       0x20 /home/mm8/Documents/OS/MM8/MM8-OS/build/kernel/c/hal/hal.obj
 .debug_aranges
                0x00000128       0x20 /home/mm8/Documents/OS/MM8/MM8-OS/build/kernel/c/apps/editor/editor.obj
 .debug_aranges
                0x00000148       0x20 /home/mm8/Documents/OS/MM8/MM8-OS/build/kernel/c/arch/i686/gdt.obj
 .debug_aranges
                0x00000168       0x20 /home/mm8/Documents/OS/MM8/MM8-OS/build/kernel/c/arch/i686/idt.obj
 .debug_aranges
                0x00000188       0x20 /home/mm8/Documents/OS/MM8/MM8-OS/build/kernel/c/arch/i686/io.obj
 .debug_aranges
                0x000001a8       0x20 /home/mm8/Documents/OS/MM8/MM8-OS/build/kernel/c/arch/i686/irq.obj
 .debug_aranges
                0x000001c8       0x20 /home/mm8/Documents/OS/MM8/MM8-OS/build/kernel/c/arch/i686/isr.obj
 .debug_aranges
                0x000001e8       0x20 /home/mm8/Documents/OS/MM8/MM8-OS/build/kernel/c/arch/i686/isrs_gen.obj
 .debug_aranges
                0x00000208       0x20 /home/mm8/Documents/OS/MM8/MM8-OS/build/kernel/c/arch/i686/keyboard.obj
 .debug_aranges
                0x00000228       0x20 /home/mm8/Documents/OS/MM8/MM8-OS/build/kernel/c/arch/i686/pic.obj
 .debug_aranges
                0x00000248       0x20 /home/mm8/Documents/OS/MM8/MM8-OS/toolchain/i686-elf/lib/gcc/i686-elf/13.3.0/libgcc.a(_udivdi3.o)
 .debug_aranges
                0x00000268       0x20 /home/mm8/Documents/OS/MM8/MM8-OS/toolchain/i686-elf/lib/gcc/i686-elf/13.3.0/libgcc.a(_umoddi3.o)

.debug_line     0x00000000     0x257b
 .debug_line    0x00000000       0x58 /home/mm8/Documents/OS/MM8/MM8-OS/build/kernel/c/ctype.obj
 .debug_line    0x00000058      0x287 /home/mm8/Documents/OS/MM8/MM8-OS/build/kernel/c/disk.obj
 .debug_line    0x000002df      0x83d /home/mm8/Documents/OS/MM8/MM8-OS/build/kernel/c/fat.obj
 .debug_line    0x00000b1c      0x143 /home/mm8/Documents/OS/MM8/MM8-OS/build/kernel/c/main.obj
 .debug_line    0x00000c5f      0x122 /home/mm8/Documents/OS/MM8/MM8-OS/build/kernel/c/memory.obj
 .debug_line    0x00000d81      0x4fa /home/mm8/Documents/OS/MM8/MM8-OS/build/kernel/c/stdio.obj
 .debug_line    0x0000127b      0x127 /home/mm8/Documents/OS/MM8/MM8-OS/build/kernel/c/string.obj
 .debug_line    0x000013a2      0x169 /home/mm8/Documents/OS/MM8/MM8-OS/build/kernel/c/commands/command.obj
 .debug_line    0x0000150b       0x6a /home/mm8/Documents/OS/MM8/MM8-OS/build/kernel/c/hal/hal.obj
 .debug_line    0x00001575      0x353 /home/mm8/Documents/OS/MM8/MM8-OS/build/kernel/c/apps/editor/editor.obj
 .debug_line    0x000018c8       0x5c /home/mm8/Documents/OS/MM8/MM8-OS/build/kernel/c/arch/i686/gdt.obj
 .debug_line    0x00001924       0x89 /home/mm8/Documents/OS/MM8/MM8-OS/build/kernel/c/arch/i686/idt.obj
 .debug_line    0x000019ad       0x5e /home/mm8/Documents/OS/MM8/MM8-OS/build/kernel/c/arch/i686/io.obj
 .debug_line    0x00001a0b       0xc2 /home/mm8/Documents/OS/MM8/MM8-OS/build/kernel/c/arch/i686/irq.obj
 .debug_line    0x00001acd       0xd4 /home/mm8/Documents/OS/MM8/MM8-OS/build/kernel/c/arch/i686/isr.obj
 .debug_line    0x00001ba1      0x25f /home/mm8/Documents/OS/MM8/MM8-OS/build/kernel/c/arch/i686/isrs_gen.obj
 .debug_line    0x00001e00      0x30a /home/mm8/Documents/OS/MM8/MM8-OS/build/kernel/c/arch/i686/keyboard.obj
 .debug_line    0x0000210a      0x120 /home/mm8/Documents/OS/MM8/MM8-OS/build/kernel/c/arch/i686/pic.obj
 .debug_line    0x0000222a      0x180 /home/mm8/Documents/OS/MM8/MM8-OS/toolchain/i686-elf/lib/gcc/i686-elf/13.3.0/libgcc.a(_udivdi3.o)
 .debug_line    0x000023aa      0x1d1 /home/mm8/Documents/OS/MM8/MM8-OS/toolchain/i686-elf/lib/gcc/i686-elf/13.3.0/libgcc.a(_umoddi3.o)

.debug_str      0x00000000     0x3889
 .debug_str     0x00000000       0x53 /home/mm8/Documents/OS/MM8/MM8-OS/build/kernel/c/ctype.obj
 .debug_str     0x00000053      0x19c /home/mm8/Documents/OS/MM8/MM8-OS/build/kernel/c/disk.obj
 .debug_str     0x000001ef      0x832 /home/mm8/Documents/OS/MM8/MM8-OS/build/kernel/c/fat.obj
 .debug_str     0x00000a21      0x259 /home/mm8/Documents/OS/MM8/MM8-OS/build/kernel/c/main.obj
 .debug_str     0x00000c7a      0x10b /home/mm8/Documents/OS/MM8/MM8-OS/build/kernel/c/memory.obj
 .debug_str     0x00000d85      0x2fb /home/mm8/Documents/OS/MM8/MM8-OS/build/kernel/c/stdio.obj
 .debug_str     0x00001080       0xa0 /home/mm8/Documents/OS/MM8/MM8-OS/build/kernel/c/string.obj
 .debug_str     0x00001120      0x20d /home/mm8/Documents/OS/MM8/MM8-OS/build/kernel/c/commands/command.obj
 .debug_str     0x0000132d      0x10c /home/mm8/Documents/OS/MM8/MM8-OS/build/kernel/c/hal/hal.obj
 .debug_str     0x00001439      0x2a9 /home/mm8/Documents/OS/MM8/MM8-OS/build/kernel/c/apps/editor/editor.obj
 .debug_str     0x000016e2      0x2ea /home/mm8/Documents/OS/MM8/MM8-OS/build/kernel/c/arch/i686/gdt.obj
 .debug_str     0x000019cc      0x281 /home/mm8/Documents/OS/MM8/MM8-OS/build/kernel/c/arch/i686/idt.obj
 .debug_str     0x00001c4d       0xd4 /home/mm8/Documents/OS/MM8/MM8-OS/build/kernel/c/arch/i686/io.obj
 .debug_str     0x00001d21      0x21f /home/mm8/Documents/OS/MM8/MM8-OS/build/kernel/c/arch/i686/irq.obj
 .debug_str     0x00001f40      0x1b6 /home/mm8/Documents/OS/MM8/MM8-OS/build/kernel/c/arch/i686/isr.obj
 .debug_str     0x000020f6      0xd3c /home/mm8/Documents/OS/MM8/MM8-OS/build/kernel/c/arch/i686/isrs_gen.obj
 .debug_str     0x00002e32      0x3e0 /home/mm8/Documents/OS/MM8/MM8-OS/build/kernel/c/arch/i686/keyboard.obj
 .debug_str     0x00003212      0x2b1 /home/mm8/Documents/OS/MM8/MM8-OS/build/kernel/c/arch/i686/pic.obj
 .debug_str     0x000034c3      0x1e3 /home/mm8/Documents/OS/MM8/MM8-OS/toolchain/i686-elf/lib/gcc/i686-elf/13.3.0/libgcc.a(_udivdi3.o)
 .debug_str     0x000036a6      0x1e3 /home/mm8/Documents/OS/MM8/MM8-OS/toolchain/i686-elf/lib/gcc/i686-elf/13.3.0/libgcc.a(_umoddi3.o)

.debug_line_str
                0x00000000      0xe08
 .debug_line_str
                0x00000000       0x72 /home/mm8/Documents/OS/MM8/MM8-OS/build/kernel/c/ctype.obj
 .debug_line_str
                0x00000072       0xa2 /home/mm8/Documents/OS/MM8/MM8-OS/build/kernel/c/disk.obj
 .debug_line_str
                0x00000114       0xb0 /home/mm8/Documents/OS/MM8/MM8-OS/build/kernel/c/fat.obj
 .debug_line_str
                0x000001c4       0xfe /home/mm8/Documents/OS/MM8/MM8-OS/build/kernel/c/main.obj
 .debug_line_str
                0x000002c2       0x80 /home/mm8/Documents/OS/MM8/MM8-OS/build/kernel/c/memory.obj
 .debug_line_str
                0x00000342       0xff /home/mm8/Documents/OS/MM8/MM8-OS/build/kernel/c/stdio.obj
 .debug_line_str
                0x00000441       0x75 /home/mm8/Documents/OS/MM8/MM8-OS/build/kernel/c/string.obj
 .debug_line_str
                0x000004b6       0xde /home/mm8/Documents/OS/MM8/MM8-OS/build/kernel/c/commands/command.obj
 .debug_line_str
                0x00000594       0x98 /home/mm8/Documents/OS/MM8/MM8-OS/build/kernel/c/hal/hal.obj
 .debug_line_str
                0x0000062c       0xea /home/mm8/Documents/OS/MM8/MM8-OS/build/kernel/c/apps/editor/editor.obj
 .debug_line_str
                0x00000716       0x8b /home/mm8/Documents/OS/MM8/MM8-OS/build/kernel/c/arch/i686/gdt.obj
 .debug_line_str
                0x000007a1       0x91 /home/mm8/Documents/OS/MM8/MM8-OS/build/kernel/c/arch/i686/idt.obj
 .debug_line_str
                0x00000832       0x8d /home/mm8/Documents/OS/MM8/MM8-OS/build/kernel/c/arch/i686/io.obj
 .debug_line_str
                0x000008bf       0xa5 /home/mm8/Documents/OS/MM8/MM8-OS/build/kernel/c/arch/i686/irq.obj
 .debug_line_str
                0x00000964       0xa4 /home/mm8/Documents/OS/MM8/MM8-OS/build/kernel/c/arch/i686/isr.obj
 .debug_line_str
                0x00000a08       0xa0 /home/mm8/Documents/OS/MM8/MM8-OS/build/kernel/c/arch/i686/isrs_gen.obj
 .debug_line_str
                0x00000aa8       0xe0 /home/mm8/Documents/OS/MM8/MM8-OS/build/kernel/c/arch/i686/keyboard.obj
 .debug_line_str
                0x00000b88       0x90 /home/mm8/Documents/OS/MM8/MM8-OS/build/kernel/c/arch/i686/pic.obj
 .debug_line_str
                0x00000c18       0xf8 /home/mm8/Documents/OS/MM8/MM8-OS/toolchain/i686-elf/lib/gcc/i686-elf/13.3.0/libgcc.a(_udivdi3.o)
 .debug_line_str
                0x00000d10       0xf8 /home/mm8/Documents/OS/MM8/MM8-OS/toolchain/i686-elf/lib/gcc/i686-elf/13.3.0/libgcc.a(_umoddi3.o)

.comment        0x00000000      0x17c
 .comment       0x00000000       0x13 /home/mm8/Documents/OS/MM8/MM8-OS/build/kernel/c/ctype.obj
 .comment       0x00000013       0x13 /home/mm8/Documents/OS/MM8/MM8-OS/build/kernel/c/disk.obj
 .comment       0x00000026       0x13 /home/mm8/Documents/OS/MM8/MM8-OS/build/kernel/c/fat.obj
 .comment       0x00000039       0x13 /home/mm8/Documents/OS/MM8/MM8-OS/build/kernel/c/main.obj
 .comment       0x0000004c       0x13 /home/mm8/Documents/OS/MM8/MM8-OS/build/kernel/c/memory.obj
 .comment       0x0000005f       0x13 /home/mm8/Documents/OS/MM8/MM8-OS/build/kernel/c/stdio.obj
 .comment       0x00000072       0x13 /home/mm8/Documents/OS/MM8/MM8-OS/build/kernel/c/string.obj
 .comment       0x00000085       0x13 /home/mm8/Documents/OS/MM8/MM8-OS/build/kernel/c/commands/command.obj
 .comment       0x00000098       0x13 /home/mm8/Documents/OS/MM8/MM8-OS/build/kernel/c/hal/hal.obj
 .comment       0x000000ab       0x13 /home/mm8/Documents/OS/MM8/MM8-OS/build/kernel/c/apps/editor/editor.obj
 .comment       0x000000be       0x13 /home/mm8/Documents/OS/MM8/MM8-OS/build/kernel/c/arch/i686/gdt.obj
 .comment       0x000000d1       0x13 /home/mm8/Documents/OS/MM8/MM8-OS/build/kernel/c/arch/i686/idt.obj
 .comment       0x000000e4       0x13 /home/mm8/Documents/OS/MM8/MM8-OS/build/kernel/c/arch/i686/io.obj
 .comment       0x000000f7       0x13 /home/mm8/Documents/OS/MM8/MM8-OS/build/kernel/c/arch/i686/irq.obj
 .comment       0x0000010a       0x13 /home/mm8/Documents/OS/MM8/MM8-OS/build/kernel/c/arch/i686/isr.obj
 .comment       0x0000011d       0x13 /home/mm8/Documents/OS/MM8/MM8-OS/build/kernel/c/arch/i686/isrs_gen.obj
 .comment       0x00000130       0x13 /home/mm8/Documents/OS/MM8/MM8-OS/build/kernel/c/arch/i686/keyboard.obj
 .comment       0x00000143       0x13 /home/mm8/Documents/OS/MM8/MM8-OS/build/kernel/c/arch/i686/pic.obj
 .comment       0x00000156       0x13 /home/mm8/Documents/OS/MM8/MM8-OS/toolchain/i686-elf/lib/gcc/i686-elf/13.3.0/libgcc.a(_udivdi3.o)
 .comment       0x00000169       0x13 /home/mm8/Documents/OS/MM8/MM8-OS/toolchain/i686-elf/lib/gcc/i686-elf/13.3.0/libgcc.a(_umoddi3.o)

.debug_frame    0x00000000      0xc04
 .debug_frame   0x00000000       0x34 /home/mm8/Documents/OS/MM8/MM8-OS/build/kernel/c/ctype.obj
 .debug_frame   0x00000034       0xc4 /home/mm8/Documents/OS/MM8/MM8-OS/build/kernel/c/disk.obj
 .debug_frame   0x000000f8      0x20c /home/mm8/Documents/OS/MM8/MM8-OS/build/kernel/c/fat.obj
 .debug_frame   0x00000304       0x6c /home/mm8/Documents/OS/MM8/MM8-OS/build/kernel/c/main.obj
 .debug_frame   0x00000370       0x94 /home/mm8/Documents/OS/MM8/MM8-OS/build/kernel/c/memory.obj
 .debug_frame   0x00000404      0x21c /home/mm8/Documents/OS/MM8/MM8-OS/build/kernel/c/stdio.obj
 .debug_frame   0x00000620       0xd4 /home/mm8/Documents/OS/MM8/MM8-OS/build/kernel/c/string.obj
 .debug_frame   0x000006f4       0xb4 /home/mm8/Documents/OS/MM8/MM8-OS/build/kernel/c/commands/command.obj
 .debug_frame   0x000007a8       0x34 /home/mm8/Documents/OS/MM8/MM8-OS/build/kernel/c/hal/hal.obj
 .debug_frame   0x000007dc       0x54 /home/mm8/Documents/OS/MM8/MM8-OS/build/kernel/c/apps/editor/editor.obj
 .debug_frame   0x00000830       0x34 /home/mm8/Documents/OS/MM8/MM8-OS/build/kernel/c/arch/i686/gdt.obj
 .debug_frame   0x00000864       0x94 /home/mm8/Documents/OS/MM8/MM8-OS/build/kernel/c/arch/i686/idt.obj
 .debug_frame   0x000008f8       0x34 /home/mm8/Documents/OS/MM8/MM8-OS/build/kernel/c/arch/i686/io.obj
 .debug_frame   0x0000092c       0x74 /home/mm8/Documents/OS/MM8/MM8-OS/build/kernel/c/arch/i686/irq.obj
 .debug_frame   0x000009a0       0x80 /home/mm8/Documents/OS/MM8/MM8-OS/build/kernel/c/arch/i686/isr.obj
 .debug_frame   0x00000a20       0x34 /home/mm8/Documents/OS/MM8/MM8-OS/build/kernel/c/arch/i686/isrs_gen.obj
 .debug_frame   0x00000a54       0xb4 /home/mm8/Documents/OS/MM8/MM8-OS/build/kernel/c/arch/i686/keyboard.obj
 .debug_frame   0x00000b08       0xfc /home/mm8/Documents/OS/MM8/MM8-OS/build/kernel/c/arch/i686/pic.obj

.debug_rnglists
                0x00000000       0xce
 .debug_rnglists
                0x00000000       0x22 /home/mm8/Documents/OS/MM8/MM8-OS/build/kernel/c/fat.obj
 .debug_rnglists
                0x00000022       0x1b /home/mm8/Documents/OS/MM8/MM8-OS/build/kernel/c/main.obj
 .debug_rnglists
                0x0000003d       0x26 /home/mm8/Documents/OS/MM8/MM8-OS/build/kernel/c/commands/command.obj
 .debug_rnglists
                0x00000063       0x22 /home/mm8/Documents/OS/MM8/MM8-OS/build/kernel/c/apps/editor/editor.obj
 .debug_rnglists
                0x00000085       0x2a /home/mm8/Documents/OS/MM8/MM8-OS/toolchain/i686-elf/lib/gcc/i686-elf/13.3.0/libgcc.a(_udivdi3.o)
 .debug_rnglists
                0x000000af       0x1f /home/mm8/Documents/OS/MM8/MM8-OS/toolchain/i686-elf/lib/gcc/i686-elf/13.3.0/libgcc.a(_umoddi3.o)

.debug_loclists
                0x00000000      0x978
 .debug_loclists
                0x00000000      0x50c /home/mm8/Documents/OS/MM8/MM8-OS/toolchain/i686-elf/lib/gcc/i686-elf/13.3.0/libgcc.a(_udivdi3.o)
 .debug_loclists
                0x0000050c      0x46c /home/mm8/Documents/OS/MM8/MM8-OS/toolchain/i686-elf/lib/gcc/i686-elf/13.3.0/libgcc.a(_umoddi3.o)
