Archive member included to satisfy reference by file (symbol)

/home/mm8/Documents/OS/MM8/MM8-OS/toolchain/i686-elf/lib/gcc/i686-elf/13.3.0/libgcc.a(_udivdi3.o)
                              /home/mm8/Documents/OS/MM8/MM8-OS/build/stage2/c/stdio.obj (__udivdi3)
/home/mm8/Documents/OS/MM8/MM8-OS/toolchain/i686-elf/lib/gcc/i686-elf/13.3.0/libgcc.a(_umoddi3.o)
                              /home/mm8/Documents/OS/MM8/MM8-OS/build/stage2/c/stdio.obj (__umoddi3)

There are no discarded input sections

Memory Configuration

Name             Origin             Length             Attributes
*default*        0x00000000         0xffffffff

Linker script and memory map

LOAD /home/mm8/Documents/OS/MM8/MM8-OS/build/stage2/asm/entry.obj
LOAD /home/mm8/Documents/OS/MM8/MM8-OS/build/stage2/asm/x86.obj
LOAD /home/mm8/Documents/OS/MM8/MM8-OS/build/stage2/c/ctype.obj
LOAD /home/mm8/Documents/OS/MM8/MM8-OS/build/stage2/c/disk.obj
LOAD /home/mm8/Documents/OS/MM8/MM8-OS/build/stage2/c/fat.obj
LOAD /home/mm8/Documents/OS/MM8/MM8-OS/build/stage2/c/main.obj
LOAD /home/mm8/Documents/OS/MM8/MM8-OS/build/stage2/c/memory.obj
LOAD /home/mm8/Documents/OS/MM8/MM8-OS/build/stage2/c/stdio.obj
LOAD /home/mm8/Documents/OS/MM8/MM8-OS/build/stage2/c/string.obj
LOAD /home/mm8/Documents/OS/MM8/MM8-OS/build/stage2/c/utility.obj
LOAD /home/mm8/Documents/OS/MM8/MM8-OS/toolchain/i686-elf/lib/gcc/i686-elf/13.3.0/libgcc.a
                0x00000500                        phys = 0x500
                0x00000500                        . = phys

.entry          0x00000500      0x1c3
                0x00000500                        __entry_start = .
 *(.entry)
 .entry         0x00000500      0x1c3 /home/mm8/Documents/OS/MM8/MM8-OS/build/stage2/asm/entry.obj
                0x00000500                entry
                0x00000569                draw_pixel

.text           0x000006d0     0x1c56
                0x000006d0                        __text_start = .
 *(.text)
 .text          0x000006d0      0x1a5 /home/mm8/Documents/OS/MM8/MM8-OS/build/stage2/asm/x86.obj
                0x000006d0                x86_outb
                0x000006db                x86_inb
                0x000006e4                x86_Disk_GetDriveParams
                0x000007a7                x86_Disk_Reset
                0x000007f7                x86_Disk_Read
 .text          0x00000875       0x52 /home/mm8/Documents/OS/MM8/MM8-OS/build/stage2/c/ctype.obj
                0x00000875                islower
                0x0000089b                toupper
 .text          0x000008c7      0x194 /home/mm8/Documents/OS/MM8/MM8-OS/build/stage2/c/disk.obj
                0x000008c7                DISK_Initialize
                0x00000932                DISK_LBA2CHS
                0x000009bf                DISK_ReadSectors
 .text          0x00000a5b      0xa23 /home/mm8/Documents/OS/MM8/MM8-OS/build/stage2/c/fat.obj
                0x00000a5b                FAT_ReadBootSector
                0x00000a78                FAT_ReadFat
                0x00000aac                FAT_Initialize
                0x00000cd7                FAT_ClusterToLba
                0x00000cf8                FAT_OpenEntry
                0x00000ebc                FAT_NextCluster
                0x00000f09                FAT_Read
                0x00001154                FAT_ReadEntry
                0x00001175                FAT_Close
                0x000011cf                FAT_FindFile
                0x00001334                FAT_Open
 .text          0x0000147e      0x1e3 /home/mm8/Documents/OS/MM8/MM8-OS/build/stage2/c/main.obj
                0x0000147e                c_start_bootloader
 .text          0x00001661       0xf5 /home/mm8/Documents/OS/MM8/MM8-OS/build/stage2/c/memory.obj
                0x00001661                memcpy
                0x000016b3                memset
                0x000016f6                memcmp
 .text          0x00001756      0x87f /home/mm8/Documents/OS/MM8/MM8-OS/build/stage2/c/stdio.obj
                0x00001756                putchr
                0x00001785                putcolor
                0x000017b7                getchr
                0x000017d9                getcolor
                0x000017fe                setcursor
                0x0000186f                clrscr
                0x000018fd                scrollback
                0x000019eb                putc
                0x00001afb                puts
                0x00001b2a                printf_unsigned
                0x00001bce                printf_signed
                0x00001c2b                printf
                0x00001f3c                print_buffer
 .text          0x00001fd5       0xb6 /home/mm8/Documents/OS/MM8/MM8-OS/build/stage2/c/string.obj
                0x00001fd5                strchr
                0x00002013                strcpy
                0x00002065                strlen
 .text          0x0000208b       0x37 /home/mm8/Documents/OS/MM8/MM8-OS/build/stage2/c/utility.obj
                0x0000208b                align
 *fill*         0x000020c2        0xe 
 .text          0x000020d0      0x11a /home/mm8/Documents/OS/MM8/MM8-OS/toolchain/i686-elf/lib/gcc/i686-elf/13.3.0/libgcc.a(_udivdi3.o)
                0x000020d0                __udivdi3
 *fill*         0x000021ea        0x6 
 .text          0x000021f0      0x136 /home/mm8/Documents/OS/MM8/MM8-OS/toolchain/i686-elf/lib/gcc/i686-elf/13.3.0/libgcc.a(_umoddi3.o)
                0x000021f0                __umoddi3

.data           0x00002328        0xc
                0x00002328                        __data_start = .
 *(.data)
 .data          0x00002328        0x0 /home/mm8/Documents/OS/MM8/MM8-OS/build/stage2/c/ctype.obj
 .data          0x00002328        0x0 /home/mm8/Documents/OS/MM8/MM8-OS/build/stage2/c/disk.obj
 .data          0x00002328        0x0 /home/mm8/Documents/OS/MM8/MM8-OS/build/stage2/c/fat.obj
 .data          0x00002328        0x8 /home/mm8/Documents/OS/MM8/MM8-OS/build/stage2/c/main.obj
                0x00002328                KernelLoadBuffer
                0x0000232c                Kernel
 .data          0x00002330        0x0 /home/mm8/Documents/OS/MM8/MM8-OS/build/stage2/c/memory.obj
 .data          0x00002330        0x4 /home/mm8/Documents/OS/MM8/MM8-OS/build/stage2/c/stdio.obj
                0x00002330                g_ScreenBuffer
 .data          0x00002334        0x0 /home/mm8/Documents/OS/MM8/MM8-OS/build/stage2/c/string.obj
 .data          0x00002334        0x0 /home/mm8/Documents/OS/MM8/MM8-OS/build/stage2/c/utility.obj
 .data          0x00002334        0x0 /home/mm8/Documents/OS/MM8/MM8-OS/toolchain/i686-elf/lib/gcc/i686-elf/13.3.0/libgcc.a(_udivdi3.o)
 .data          0x00002334        0x0 /home/mm8/Documents/OS/MM8/MM8-OS/toolchain/i686-elf/lib/gcc/i686-elf/13.3.0/libgcc.a(_umoddi3.o)

.rodata         0x00002334      0x27e
                0x00002334                        __rodata_start = .
 *(.rodata)
 .rodata        0x00002334      0x11b /home/mm8/Documents/OS/MM8/MM8-OS/build/stage2/c/fat.obj
 .rodata        0x0000244f       0xa6 /home/mm8/Documents/OS/MM8/MM8-OS/build/stage2/c/main.obj
 *fill*         0x000024f5        0x3 
 .rodata        0x000024f8       0xba /home/mm8/Documents/OS/MM8/MM8-OS/build/stage2/c/stdio.obj
                0x000024f8                SCREEN_WIDTH
                0x000024fc                SCREEN_HEIGHT
                0x00002500                DEFAULT_COLOR
                0x00002504                g_HexChars

.eh_frame       0x000025b4       0xd8
 .eh_frame      0x000025b4       0x64 /home/mm8/Documents/OS/MM8/MM8-OS/toolchain/i686-elf/lib/gcc/i686-elf/13.3.0/libgcc.a(_udivdi3.o)
 .eh_frame      0x00002618       0x74 /home/mm8/Documents/OS/MM8/MM8-OS/toolchain/i686-elf/lib/gcc/i686-elf/13.3.0/libgcc.a(_umoddi3.o)

.bss            0x0000268c      0x314
                0x0000268c                        __bss_start = .
 *(.bss)
 .bss           0x0000268c      0x300 /home/mm8/Documents/OS/MM8/MM8-OS/build/stage2/asm/entry.obj
 .bss           0x0000298c        0x0 /home/mm8/Documents/OS/MM8/MM8-OS/build/stage2/c/ctype.obj
 .bss           0x0000298c        0x0 /home/mm8/Documents/OS/MM8/MM8-OS/build/stage2/c/disk.obj
 .bss           0x0000298c        0xc /home/mm8/Documents/OS/MM8/MM8-OS/build/stage2/c/fat.obj
 .bss           0x00002998        0x0 /home/mm8/Documents/OS/MM8/MM8-OS/build/stage2/c/main.obj
 .bss           0x00002998        0x0 /home/mm8/Documents/OS/MM8/MM8-OS/build/stage2/c/memory.obj
 .bss           0x00002998        0x8 /home/mm8/Documents/OS/MM8/MM8-OS/build/stage2/c/stdio.obj
                0x00002998                g_ScreenX
                0x0000299c                g_ScreenY
 .bss           0x000029a0        0x0 /home/mm8/Documents/OS/MM8/MM8-OS/build/stage2/c/string.obj
 .bss           0x000029a0        0x0 /home/mm8/Documents/OS/MM8/MM8-OS/build/stage2/c/utility.obj
 .bss           0x000029a0        0x0 /home/mm8/Documents/OS/MM8/MM8-OS/toolchain/i686-elf/lib/gcc/i686-elf/13.3.0/libgcc.a(_udivdi3.o)
 .bss           0x000029a0        0x0 /home/mm8/Documents/OS/MM8/MM8-OS/toolchain/i686-elf/lib/gcc/i686-elf/13.3.0/libgcc.a(_umoddi3.o)
                0x000029a0                        __end = .
OUTPUT(/home/mm8/Documents/OS/MM8/MM8-OS/build/stage2.bin binary)

.debug_info     0x00000000     0x1f51
 .debug_info    0x00000000       0xbe /home/mm8/Documents/OS/MM8/MM8-OS/build/stage2/c/ctype.obj
 .debug_info    0x000000be      0x2af /home/mm8/Documents/OS/MM8/MM8-OS/build/stage2/c/disk.obj
 .debug_info    0x0000036d      0x9ae /home/mm8/Documents/OS/MM8/MM8-OS/build/stage2/c/fat.obj
 .debug_info    0x00000d1b      0x2cd /home/mm8/Documents/OS/MM8/MM8-OS/build/stage2/c/main.obj
 .debug_info    0x00000fe8      0x1da /home/mm8/Documents/OS/MM8/MM8-OS/build/stage2/c/memory.obj
 .debug_info    0x000011c2      0x54a /home/mm8/Documents/OS/MM8/MM8-OS/build/stage2/c/stdio.obj
 .debug_info    0x0000170c      0x12b /home/mm8/Documents/OS/MM8/MM8-OS/build/stage2/c/string.obj
 .debug_info    0x00001837       0xab /home/mm8/Documents/OS/MM8/MM8-OS/build/stage2/c/utility.obj
 .debug_info    0x000018e2      0x32c /home/mm8/Documents/OS/MM8/MM8-OS/toolchain/i686-elf/lib/gcc/i686-elf/13.3.0/libgcc.a(_udivdi3.o)
 .debug_info    0x00001c0e      0x343 /home/mm8/Documents/OS/MM8/MM8-OS/toolchain/i686-elf/lib/gcc/i686-elf/13.3.0/libgcc.a(_umoddi3.o)

.debug_abbrev   0x00000000      0xc0d
 .debug_abbrev  0x00000000       0x84 /home/mm8/Documents/OS/MM8/MM8-OS/build/stage2/c/ctype.obj
 .debug_abbrev  0x00000084      0x140 /home/mm8/Documents/OS/MM8/MM8-OS/build/stage2/c/disk.obj
 .debug_abbrev  0x000001c4      0x24d /home/mm8/Documents/OS/MM8/MM8-OS/build/stage2/c/fat.obj
 .debug_abbrev  0x00000411      0x138 /home/mm8/Documents/OS/MM8/MM8-OS/build/stage2/c/main.obj
 .debug_abbrev  0x00000549       0xe2 /home/mm8/Documents/OS/MM8/MM8-OS/build/stage2/c/memory.obj
 .debug_abbrev  0x0000062b      0x1f6 /home/mm8/Documents/OS/MM8/MM8-OS/build/stage2/c/stdio.obj
 .debug_abbrev  0x00000821       0xa8 /home/mm8/Documents/OS/MM8/MM8-OS/build/stage2/c/string.obj
 .debug_abbrev  0x000008c9       0x78 /home/mm8/Documents/OS/MM8/MM8-OS/build/stage2/c/utility.obj
 .debug_abbrev  0x00000941      0x15b /home/mm8/Documents/OS/MM8/MM8-OS/toolchain/i686-elf/lib/gcc/i686-elf/13.3.0/libgcc.a(_udivdi3.o)
 .debug_abbrev  0x00000a9c      0x171 /home/mm8/Documents/OS/MM8/MM8-OS/toolchain/i686-elf/lib/gcc/i686-elf/13.3.0/libgcc.a(_umoddi3.o)

.debug_aranges  0x00000000      0x140
 .debug_aranges
                0x00000000       0x20 /home/mm8/Documents/OS/MM8/MM8-OS/build/stage2/c/ctype.obj
 .debug_aranges
                0x00000020       0x20 /home/mm8/Documents/OS/MM8/MM8-OS/build/stage2/c/disk.obj
 .debug_aranges
                0x00000040       0x20 /home/mm8/Documents/OS/MM8/MM8-OS/build/stage2/c/fat.obj
 .debug_aranges
                0x00000060       0x20 /home/mm8/Documents/OS/MM8/MM8-OS/build/stage2/c/main.obj
 .debug_aranges
                0x00000080       0x20 /home/mm8/Documents/OS/MM8/MM8-OS/build/stage2/c/memory.obj
 .debug_aranges
                0x000000a0       0x20 /home/mm8/Documents/OS/MM8/MM8-OS/build/stage2/c/stdio.obj
 .debug_aranges
                0x000000c0       0x20 /home/mm8/Documents/OS/MM8/MM8-OS/build/stage2/c/string.obj
 .debug_aranges
                0x000000e0       0x20 /home/mm8/Documents/OS/MM8/MM8-OS/build/stage2/c/utility.obj
 .debug_aranges
                0x00000100       0x20 /home/mm8/Documents/OS/MM8/MM8-OS/toolchain/i686-elf/lib/gcc/i686-elf/13.3.0/libgcc.a(_udivdi3.o)
 .debug_aranges
                0x00000120       0x20 /home/mm8/Documents/OS/MM8/MM8-OS/toolchain/i686-elf/lib/gcc/i686-elf/13.3.0/libgcc.a(_umoddi3.o)

.debug_line     0x00000000      0xfd4
 .debug_line    0x00000000       0x81 /home/mm8/Documents/OS/MM8/MM8-OS/build/stage2/c/ctype.obj
 .debug_line    0x00000081       0xe4 /home/mm8/Documents/OS/MM8/MM8-OS/build/stage2/c/disk.obj
 .debug_line    0x00000165      0x4e1 /home/mm8/Documents/OS/MM8/MM8-OS/build/stage2/c/fat.obj
 .debug_line    0x00000646       0xcf /home/mm8/Documents/OS/MM8/MM8-OS/build/stage2/c/main.obj
 .debug_line    0x00000715       0xc8 /home/mm8/Documents/OS/MM8/MM8-OS/build/stage2/c/memory.obj
 .debug_line    0x000007dd      0x3a0 /home/mm8/Documents/OS/MM8/MM8-OS/build/stage2/c/stdio.obj
 .debug_line    0x00000b7d       0x97 /home/mm8/Documents/OS/MM8/MM8-OS/build/stage2/c/string.obj
 .debug_line    0x00000c14       0x6f /home/mm8/Documents/OS/MM8/MM8-OS/build/stage2/c/utility.obj
 .debug_line    0x00000c83      0x180 /home/mm8/Documents/OS/MM8/MM8-OS/toolchain/i686-elf/lib/gcc/i686-elf/13.3.0/libgcc.a(_udivdi3.o)
 .debug_line    0x00000e03      0x1d1 /home/mm8/Documents/OS/MM8/MM8-OS/toolchain/i686-elf/lib/gcc/i686-elf/13.3.0/libgcc.a(_umoddi3.o)

.debug_str      0x00000000     0x1309
 .debug_str     0x00000000       0xce /home/mm8/Documents/OS/MM8/MM8-OS/build/stage2/c/ctype.obj
 .debug_str     0x000000ce      0x1ae /home/mm8/Documents/OS/MM8/MM8-OS/build/stage2/c/disk.obj
 .debug_str     0x0000027c      0x5e7 /home/mm8/Documents/OS/MM8/MM8-OS/build/stage2/c/fat.obj
 .debug_str     0x00000863      0x1e9 /home/mm8/Documents/OS/MM8/MM8-OS/build/stage2/c/main.obj
 .debug_str     0x00000a4c      0x103 /home/mm8/Documents/OS/MM8/MM8-OS/build/stage2/c/memory.obj
 .debug_str     0x00000b4f      0x244 /home/mm8/Documents/OS/MM8/MM8-OS/build/stage2/c/stdio.obj
 .debug_str     0x00000d93       0xe5 /home/mm8/Documents/OS/MM8/MM8-OS/build/stage2/c/string.obj
 .debug_str     0x00000e78       0xcb /home/mm8/Documents/OS/MM8/MM8-OS/build/stage2/c/utility.obj
 .debug_str     0x00000f43      0x1e3 /home/mm8/Documents/OS/MM8/MM8-OS/toolchain/i686-elf/lib/gcc/i686-elf/13.3.0/libgcc.a(_udivdi3.o)
 .debug_str     0x00001126      0x1e3 /home/mm8/Documents/OS/MM8/MM8-OS/toolchain/i686-elf/lib/gcc/i686-elf/13.3.0/libgcc.a(_umoddi3.o)

.debug_line_str
                0x00000000      0x75c
 .debug_line_str
                0x00000000       0x92 /home/mm8/Documents/OS/MM8/MM8-OS/build/stage2/c/ctype.obj
 .debug_line_str
                0x00000092       0xa5 /home/mm8/Documents/OS/MM8/MM8-OS/build/stage2/c/disk.obj
 .debug_line_str
                0x00000137       0xc4 /home/mm8/Documents/OS/MM8/MM8-OS/build/stage2/c/fat.obj
 .debug_line_str
                0x000001fb       0xbc /home/mm8/Documents/OS/MM8/MM8-OS/build/stage2/c/main.obj
 .debug_line_str
                0x000002b7       0x94 /home/mm8/Documents/OS/MM8/MM8-OS/build/stage2/c/memory.obj
 .debug_line_str
                0x0000034b       0xff /home/mm8/Documents/OS/MM8/MM8-OS/build/stage2/c/stdio.obj
 .debug_line_str
                0x0000044a       0x8b /home/mm8/Documents/OS/MM8/MM8-OS/build/stage2/c/string.obj
 .debug_line_str
                0x000004d5       0x97 /home/mm8/Documents/OS/MM8/MM8-OS/build/stage2/c/utility.obj
 .debug_line_str
                0x0000056c       0xf8 /home/mm8/Documents/OS/MM8/MM8-OS/toolchain/i686-elf/lib/gcc/i686-elf/13.3.0/libgcc.a(_udivdi3.o)
 .debug_line_str
                0x00000664       0xf8 /home/mm8/Documents/OS/MM8/MM8-OS/toolchain/i686-elf/lib/gcc/i686-elf/13.3.0/libgcc.a(_umoddi3.o)

.comment        0x00000000       0xbe
 .comment       0x00000000       0x13 /home/mm8/Documents/OS/MM8/MM8-OS/build/stage2/c/ctype.obj
 .comment       0x00000013       0x13 /home/mm8/Documents/OS/MM8/MM8-OS/build/stage2/c/disk.obj
 .comment       0x00000026       0x13 /home/mm8/Documents/OS/MM8/MM8-OS/build/stage2/c/fat.obj
 .comment       0x00000039       0x13 /home/mm8/Documents/OS/MM8/MM8-OS/build/stage2/c/main.obj
 .comment       0x0000004c       0x13 /home/mm8/Documents/OS/MM8/MM8-OS/build/stage2/c/memory.obj
 .comment       0x0000005f       0x13 /home/mm8/Documents/OS/MM8/MM8-OS/build/stage2/c/stdio.obj
 .comment       0x00000072       0x13 /home/mm8/Documents/OS/MM8/MM8-OS/build/stage2/c/string.obj
 .comment       0x00000085       0x13 /home/mm8/Documents/OS/MM8/MM8-OS/build/stage2/c/utility.obj
 .comment       0x00000098       0x13 /home/mm8/Documents/OS/MM8/MM8-OS/toolchain/i686-elf/lib/gcc/i686-elf/13.3.0/libgcc.a(_udivdi3.o)
 .comment       0x000000ab       0x13 /home/mm8/Documents/OS/MM8/MM8-OS/toolchain/i686-elf/lib/gcc/i686-elf/13.3.0/libgcc.a(_umoddi3.o)

.debug_frame    0x00000000      0x558
 .debug_frame   0x00000000       0x54 /home/mm8/Documents/OS/MM8/MM8-OS/build/stage2/c/ctype.obj
 .debug_frame   0x00000054       0x80 /home/mm8/Documents/OS/MM8/MM8-OS/build/stage2/c/disk.obj
 .debug_frame   0x000000d4      0x184 /home/mm8/Documents/OS/MM8/MM8-OS/build/stage2/c/fat.obj
 .debug_frame   0x00000258       0x2c /home/mm8/Documents/OS/MM8/MM8-OS/build/stage2/c/main.obj
 .debug_frame   0x00000284       0x74 /home/mm8/Documents/OS/MM8/MM8-OS/build/stage2/c/memory.obj
 .debug_frame   0x000002f8      0x1b8 /home/mm8/Documents/OS/MM8/MM8-OS/build/stage2/c/stdio.obj
 .debug_frame   0x000004b0       0x74 /home/mm8/Documents/OS/MM8/MM8-OS/build/stage2/c/string.obj
 .debug_frame   0x00000524       0x34 /home/mm8/Documents/OS/MM8/MM8-OS/build/stage2/c/utility.obj

.debug_loclists
                0x00000000      0x978
 .debug_loclists
                0x00000000      0x50c /home/mm8/Documents/OS/MM8/MM8-OS/toolchain/i686-elf/lib/gcc/i686-elf/13.3.0/libgcc.a(_udivdi3.o)
 .debug_loclists
                0x0000050c      0x46c /home/mm8/Documents/OS/MM8/MM8-OS/toolchain/i686-elf/lib/gcc/i686-elf/13.3.0/libgcc.a(_umoddi3.o)

.debug_rnglists
                0x00000000       0x49
 .debug_rnglists
                0x00000000       0x2a /home/mm8/Documents/OS/MM8/MM8-OS/toolchain/i686-elf/lib/gcc/i686-elf/13.3.0/libgcc.a(_udivdi3.o)
 .debug_rnglists
                0x0000002a       0x1f /home/mm8/Documents/OS/MM8/MM8-OS/toolchain/i686-elf/lib/gcc/i686-elf/13.3.0/libgcc.a(_umoddi3.o)
