Archive member included to satisfy reference by file (symbol)

/home/mm8/Documents/OS/MM8/MM8-OS/toolchain/i686-elf/lib/gcc/i686-elf/13.3.0/libgcc.a(_udivdi3.o)
                              /home/mm8/Documents/OS/MM8/MM8-OS/build/stage2/c/stdio.obj (__udivdi3)
/home/mm8/Documents/OS/MM8/MM8-OS/toolchain/i686-elf/lib/gcc/i686-elf/13.3.0/libgcc.a(_umoddi3.o)
                              /home/mm8/Documents/OS/MM8/MM8-OS/build/stage2/c/stdio.obj (__umoddi3)

There are no discarded input sections

Memory Configuration

Name             Origin             Length             Attributes
*default*        0x00000000         0xffffffff

Linker script and memory map

LOAD /home/mm8/Documents/OS/MM8/MM8-OS/build/stage2/asm/entry.obj
LOAD /home/mm8/Documents/OS/MM8/MM8-OS/build/stage2/asm/x86.obj
LOAD /home/mm8/Documents/OS/MM8/MM8-OS/build/stage2/c/ctype.obj
LOAD /home/mm8/Documents/OS/MM8/MM8-OS/build/stage2/c/disk.obj
LOAD /home/mm8/Documents/OS/MM8/MM8-OS/build/stage2/c/fat.obj
LOAD /home/mm8/Documents/OS/MM8/MM8-OS/build/stage2/c/graphics.obj
LOAD /home/mm8/Documents/OS/MM8/MM8-OS/build/stage2/c/main.obj
LOAD /home/mm8/Documents/OS/MM8/MM8-OS/build/stage2/c/memory.obj
LOAD /home/mm8/Documents/OS/MM8/MM8-OS/build/stage2/c/stdio.obj
LOAD /home/mm8/Documents/OS/MM8/MM8-OS/build/stage2/c/string.obj
LOAD /home/mm8/Documents/OS/MM8/MM8-OS/build/stage2/c/utility.obj
LOAD /home/mm8/Documents/OS/MM8/MM8-OS/toolchain/i686-elf/lib/gcc/i686-elf/13.3.0/libgcc.a
                0x00000500                        phys = 0x500
                0x00000500                        . = phys

.entry          0x00000500      0x190
                0x00000500                        __entry_start = .
 *(.entry)
 .entry         0x00000500      0x190 /home/mm8/Documents/OS/MM8/MM8-OS/build/stage2/asm/entry.obj
                0x00000500                entry

.text           0x00000690     0x1dc6
                0x00000690                        __text_start = .
 *(.text)
 .text          0x00000690      0x1a5 /home/mm8/Documents/OS/MM8/MM8-OS/build/stage2/asm/x86.obj
                0x00000690                x86_outb
                0x0000069b                x86_inb
                0x000006a4                x86_Disk_GetDriveParams
                0x00000767                x86_Disk_Reset
                0x000007b7                x86_Disk_Read
 .text          0x00000835       0x52 /home/mm8/Documents/OS/MM8/MM8-OS/build/stage2/c/ctype.obj
                0x00000835                islower
                0x0000085b                toupper
 .text          0x00000887      0x196 /home/mm8/Documents/OS/MM8/MM8-OS/build/stage2/c/disk.obj
                0x00000887                DISK_Initialize
                0x000008f4                DISK_LBA2CHS
                0x00000981                DISK_ReadSectors
 .text          0x00000a1d      0xa1a /home/mm8/Documents/OS/MM8/MM8-OS/build/stage2/c/fat.obj
                0x00000a1d                FAT_ReadBootSector
                0x00000a3a                FAT_ReadFat
                0x00000a6e                FAT_Initialize
                0x00000c99                FAT_ClusterToLba
                0x00000cba                FAT_OpenEntry
                0x00000e7e                FAT_NextCluster
                0x00000ecb                FAT_Read
                0x00001111                FAT_ReadEntry
                0x00001132                FAT_Close
                0x0000118c                FAT_FindFile
                0x000012f1                FAT_Open
 .text          0x00001437       0x7b /home/mm8/Documents/OS/MM8/MM8-OS/build/stage2/c/graphics.obj
                0x00001437                draw_pixel
 .text          0x000014b2      0x315 /home/mm8/Documents/OS/MM8/MM8-OS/build/stage2/c/main.obj
                0x000014b2                start
 .text          0x000017c7       0xc3 /home/mm8/Documents/OS/MM8/MM8-OS/build/stage2/c/memory.obj
                0x000017c7                memcpy
                0x00001808                memset
                0x0000183b                memcmp
 .text          0x0000188a      0x87f /home/mm8/Documents/OS/MM8/MM8-OS/build/stage2/c/stdio.obj
                0x0000188a                putchr
                0x000018b9                putcolor
                0x000018eb                getchr
                0x0000190d                getcolor
                0x00001932                setcursor
                0x000019a3                clrscr
                0x00001a31                scrollback
                0x00001b1f                putc
                0x00001c2f                puts
                0x00001c5e                printf_unsigned
                0x00001d02                printf_signed
                0x00001d5f                printf
                0x00002070                print_buffer
 .text          0x00002109       0xb6 /home/mm8/Documents/OS/MM8/MM8-OS/build/stage2/c/string.obj
                0x00002109                strchr
                0x00002147                strcpy
                0x00002199                strlen
 .text          0x000021bf       0x37 /home/mm8/Documents/OS/MM8/MM8-OS/build/stage2/c/utility.obj
                0x000021bf                align
 *fill*         0x000021f6        0xa 
 .text          0x00002200      0x11a /home/mm8/Documents/OS/MM8/MM8-OS/toolchain/i686-elf/lib/gcc/i686-elf/13.3.0/libgcc.a(_udivdi3.o)
                0x00002200                __udivdi3
 *fill*         0x0000231a        0x6 
 .text          0x00002320      0x136 /home/mm8/Documents/OS/MM8/MM8-OS/toolchain/i686-elf/lib/gcc/i686-elf/13.3.0/libgcc.a(_umoddi3.o)
                0x00002320                __umoddi3

.data           0x00002458       0x18
                0x00002458                        __data_start = .
 *(.data)
 .data          0x00002458        0xb /home/mm8/Documents/OS/MM8/MM8-OS/build/stage2/asm/entry.obj
                0x00002458                vbe_screen
 .data          0x00002463        0x0 /home/mm8/Documents/OS/MM8/MM8-OS/build/stage2/c/ctype.obj
 .data          0x00002463        0x0 /home/mm8/Documents/OS/MM8/MM8-OS/build/stage2/c/disk.obj
 .data          0x00002463        0x0 /home/mm8/Documents/OS/MM8/MM8-OS/build/stage2/c/fat.obj
 .data          0x00002463        0x0 /home/mm8/Documents/OS/MM8/MM8-OS/build/stage2/c/graphics.obj
 *fill*         0x00002463        0x1 
 .data          0x00002464        0x8 /home/mm8/Documents/OS/MM8/MM8-OS/build/stage2/c/main.obj
                0x00002464                KernelLoadBuffer
                0x00002468                Kernel
 .data          0x0000246c        0x0 /home/mm8/Documents/OS/MM8/MM8-OS/build/stage2/c/memory.obj
 .data          0x0000246c        0x4 /home/mm8/Documents/OS/MM8/MM8-OS/build/stage2/c/stdio.obj
                0x0000246c                g_ScreenBuffer
 .data          0x00002470        0x0 /home/mm8/Documents/OS/MM8/MM8-OS/build/stage2/c/string.obj
 .data          0x00002470        0x0 /home/mm8/Documents/OS/MM8/MM8-OS/build/stage2/c/utility.obj
 .data          0x00002470        0x0 /home/mm8/Documents/OS/MM8/MM8-OS/toolchain/i686-elf/lib/gcc/i686-elf/13.3.0/libgcc.a(_udivdi3.o)
 .data          0x00002470        0x0 /home/mm8/Documents/OS/MM8/MM8-OS/toolchain/i686-elf/lib/gcc/i686-elf/13.3.0/libgcc.a(_umoddi3.o)

.rodata         0x00002470      0x27e
                0x00002470                        __rodata_start = .
 *(.rodata)
 .rodata        0x00002470      0x11b /home/mm8/Documents/OS/MM8/MM8-OS/build/stage2/c/fat.obj
 .rodata        0x0000258b       0xa8 /home/mm8/Documents/OS/MM8/MM8-OS/build/stage2/c/main.obj
 *fill*         0x00002633        0x1 
 .rodata        0x00002634       0xba /home/mm8/Documents/OS/MM8/MM8-OS/build/stage2/c/stdio.obj
                0x00002634                SCREEN_WIDTH
                0x00002638                SCREEN_HEIGHT
                0x0000263c                DEFAULT_COLOR
                0x00002640                g_HexChars

.eh_frame       0x000026f0       0xd8
 .eh_frame      0x000026f0       0x64 /home/mm8/Documents/OS/MM8/MM8-OS/toolchain/i686-elf/lib/gcc/i686-elf/13.3.0/libgcc.a(_udivdi3.o)
 .eh_frame      0x00002754       0x74 /home/mm8/Documents/OS/MM8/MM8-OS/toolchain/i686-elf/lib/gcc/i686-elf/13.3.0/libgcc.a(_umoddi3.o)

.bss            0x000027c8      0x314
                0x000027c8                        __bss_start = .
 *(.bss)
 .bss           0x000027c8      0x300 /home/mm8/Documents/OS/MM8/MM8-OS/build/stage2/asm/entry.obj
 .bss           0x00002ac8        0x0 /home/mm8/Documents/OS/MM8/MM8-OS/build/stage2/c/ctype.obj
 .bss           0x00002ac8        0x0 /home/mm8/Documents/OS/MM8/MM8-OS/build/stage2/c/disk.obj
 .bss           0x00002ac8        0xc /home/mm8/Documents/OS/MM8/MM8-OS/build/stage2/c/fat.obj
 .bss           0x00002ad4        0x0 /home/mm8/Documents/OS/MM8/MM8-OS/build/stage2/c/graphics.obj
 .bss           0x00002ad4        0x0 /home/mm8/Documents/OS/MM8/MM8-OS/build/stage2/c/main.obj
 .bss           0x00002ad4        0x0 /home/mm8/Documents/OS/MM8/MM8-OS/build/stage2/c/memory.obj
 .bss           0x00002ad4        0x8 /home/mm8/Documents/OS/MM8/MM8-OS/build/stage2/c/stdio.obj
                0x00002ad4                g_ScreenX
                0x00002ad8                g_ScreenY
 .bss           0x00002adc        0x0 /home/mm8/Documents/OS/MM8/MM8-OS/build/stage2/c/string.obj
 .bss           0x00002adc        0x0 /home/mm8/Documents/OS/MM8/MM8-OS/build/stage2/c/utility.obj
 .bss           0x00002adc        0x0 /home/mm8/Documents/OS/MM8/MM8-OS/toolchain/i686-elf/lib/gcc/i686-elf/13.3.0/libgcc.a(_udivdi3.o)
 .bss           0x00002adc        0x0 /home/mm8/Documents/OS/MM8/MM8-OS/toolchain/i686-elf/lib/gcc/i686-elf/13.3.0/libgcc.a(_umoddi3.o)
                0x00002adc                        __end = .
OUTPUT(/home/mm8/Documents/OS/MM8/MM8-OS/build/stage2.bin binary)

.debug_info     0x00000000     0x2106
 .debug_info    0x00000000       0xbe /home/mm8/Documents/OS/MM8/MM8-OS/build/stage2/c/ctype.obj
 .debug_info    0x000000be      0x2af /home/mm8/Documents/OS/MM8/MM8-OS/build/stage2/c/disk.obj
 .debug_info    0x0000036d      0x9ae /home/mm8/Documents/OS/MM8/MM8-OS/build/stage2/c/fat.obj
 .debug_info    0x00000d1b      0x13c /home/mm8/Documents/OS/MM8/MM8-OS/build/stage2/c/graphics.obj
 .debug_info    0x00000e57      0x346 /home/mm8/Documents/OS/MM8/MM8-OS/build/stage2/c/main.obj
 .debug_info    0x0000119d      0x1da /home/mm8/Documents/OS/MM8/MM8-OS/build/stage2/c/memory.obj
 .debug_info    0x00001377      0x54a /home/mm8/Documents/OS/MM8/MM8-OS/build/stage2/c/stdio.obj
 .debug_info    0x000018c1      0x12b /home/mm8/Documents/OS/MM8/MM8-OS/build/stage2/c/string.obj
 .debug_info    0x000019ec       0xab /home/mm8/Documents/OS/MM8/MM8-OS/build/stage2/c/utility.obj
 .debug_info    0x00001a97      0x32c /home/mm8/Documents/OS/MM8/MM8-OS/toolchain/i686-elf/lib/gcc/i686-elf/13.3.0/libgcc.a(_udivdi3.o)
 .debug_info    0x00001dc3      0x343 /home/mm8/Documents/OS/MM8/MM8-OS/toolchain/i686-elf/lib/gcc/i686-elf/13.3.0/libgcc.a(_umoddi3.o)

.debug_abbrev   0x00000000      0xcf9
 .debug_abbrev  0x00000000       0x84 /home/mm8/Documents/OS/MM8/MM8-OS/build/stage2/c/ctype.obj
 .debug_abbrev  0x00000084      0x140 /home/mm8/Documents/OS/MM8/MM8-OS/build/stage2/c/disk.obj
 .debug_abbrev  0x000001c4      0x24d /home/mm8/Documents/OS/MM8/MM8-OS/build/stage2/c/fat.obj
 .debug_abbrev  0x00000411       0xd9 /home/mm8/Documents/OS/MM8/MM8-OS/build/stage2/c/graphics.obj
 .debug_abbrev  0x000004ea      0x14b /home/mm8/Documents/OS/MM8/MM8-OS/build/stage2/c/main.obj
 .debug_abbrev  0x00000635       0xe2 /home/mm8/Documents/OS/MM8/MM8-OS/build/stage2/c/memory.obj
 .debug_abbrev  0x00000717      0x1f6 /home/mm8/Documents/OS/MM8/MM8-OS/build/stage2/c/stdio.obj
 .debug_abbrev  0x0000090d       0xa8 /home/mm8/Documents/OS/MM8/MM8-OS/build/stage2/c/string.obj
 .debug_abbrev  0x000009b5       0x78 /home/mm8/Documents/OS/MM8/MM8-OS/build/stage2/c/utility.obj
 .debug_abbrev  0x00000a2d      0x15b /home/mm8/Documents/OS/MM8/MM8-OS/toolchain/i686-elf/lib/gcc/i686-elf/13.3.0/libgcc.a(_udivdi3.o)
 .debug_abbrev  0x00000b88      0x171 /home/mm8/Documents/OS/MM8/MM8-OS/toolchain/i686-elf/lib/gcc/i686-elf/13.3.0/libgcc.a(_umoddi3.o)

.debug_aranges  0x00000000      0x160
 .debug_aranges
                0x00000000       0x20 /home/mm8/Documents/OS/MM8/MM8-OS/build/stage2/c/ctype.obj
 .debug_aranges
                0x00000020       0x20 /home/mm8/Documents/OS/MM8/MM8-OS/build/stage2/c/disk.obj
 .debug_aranges
                0x00000040       0x20 /home/mm8/Documents/OS/MM8/MM8-OS/build/stage2/c/fat.obj
 .debug_aranges
                0x00000060       0x20 /home/mm8/Documents/OS/MM8/MM8-OS/build/stage2/c/graphics.obj
 .debug_aranges
                0x00000080       0x20 /home/mm8/Documents/OS/MM8/MM8-OS/build/stage2/c/main.obj
 .debug_aranges
                0x000000a0       0x20 /home/mm8/Documents/OS/MM8/MM8-OS/build/stage2/c/memory.obj
 .debug_aranges
                0x000000c0       0x20 /home/mm8/Documents/OS/MM8/MM8-OS/build/stage2/c/stdio.obj
 .debug_aranges
                0x000000e0       0x20 /home/mm8/Documents/OS/MM8/MM8-OS/build/stage2/c/string.obj
 .debug_aranges
                0x00000100       0x20 /home/mm8/Documents/OS/MM8/MM8-OS/build/stage2/c/utility.obj
 .debug_aranges
                0x00000120       0x20 /home/mm8/Documents/OS/MM8/MM8-OS/toolchain/i686-elf/lib/gcc/i686-elf/13.3.0/libgcc.a(_udivdi3.o)
 .debug_aranges
                0x00000140       0x20 /home/mm8/Documents/OS/MM8/MM8-OS/toolchain/i686-elf/lib/gcc/i686-elf/13.3.0/libgcc.a(_umoddi3.o)

.debug_line     0x00000000     0x10bd
 .debug_line    0x00000000       0x81 /home/mm8/Documents/OS/MM8/MM8-OS/build/stage2/c/ctype.obj
 .debug_line    0x00000081       0xe4 /home/mm8/Documents/OS/MM8/MM8-OS/build/stage2/c/disk.obj
 .debug_line    0x00000165      0x4e4 /home/mm8/Documents/OS/MM8/MM8-OS/build/stage2/c/fat.obj
 .debug_line    0x00000649       0x9f /home/mm8/Documents/OS/MM8/MM8-OS/build/stage2/c/graphics.obj
 .debug_line    0x000006e8      0x116 /home/mm8/Documents/OS/MM8/MM8-OS/build/stage2/c/main.obj
 .debug_line    0x000007fe       0xc8 /home/mm8/Documents/OS/MM8/MM8-OS/build/stage2/c/memory.obj
 .debug_line    0x000008c6      0x3a0 /home/mm8/Documents/OS/MM8/MM8-OS/build/stage2/c/stdio.obj
 .debug_line    0x00000c66       0x97 /home/mm8/Documents/OS/MM8/MM8-OS/build/stage2/c/string.obj
 .debug_line    0x00000cfd       0x6f /home/mm8/Documents/OS/MM8/MM8-OS/build/stage2/c/utility.obj
 .debug_line    0x00000d6c      0x180 /home/mm8/Documents/OS/MM8/MM8-OS/toolchain/i686-elf/lib/gcc/i686-elf/13.3.0/libgcc.a(_udivdi3.o)
 .debug_line    0x00000eec      0x1d1 /home/mm8/Documents/OS/MM8/MM8-OS/toolchain/i686-elf/lib/gcc/i686-elf/13.3.0/libgcc.a(_umoddi3.o)

.debug_str      0x00000000     0x1471
 .debug_str     0x00000000       0xce /home/mm8/Documents/OS/MM8/MM8-OS/build/stage2/c/ctype.obj
 .debug_str     0x000000ce      0x1ae /home/mm8/Documents/OS/MM8/MM8-OS/build/stage2/c/disk.obj
 .debug_str     0x0000027c      0x5e7 /home/mm8/Documents/OS/MM8/MM8-OS/build/stage2/c/fat.obj
 .debug_str     0x00000863      0x130 /home/mm8/Documents/OS/MM8/MM8-OS/build/stage2/c/graphics.obj
 .debug_str     0x00000993      0x221 /home/mm8/Documents/OS/MM8/MM8-OS/build/stage2/c/main.obj
 .debug_str     0x00000bb4      0x103 /home/mm8/Documents/OS/MM8/MM8-OS/build/stage2/c/memory.obj
 .debug_str     0x00000cb7      0x244 /home/mm8/Documents/OS/MM8/MM8-OS/build/stage2/c/stdio.obj
 .debug_str     0x00000efb       0xe5 /home/mm8/Documents/OS/MM8/MM8-OS/build/stage2/c/string.obj
 .debug_str     0x00000fe0       0xcb /home/mm8/Documents/OS/MM8/MM8-OS/build/stage2/c/utility.obj
 .debug_str     0x000010ab      0x1e3 /home/mm8/Documents/OS/MM8/MM8-OS/toolchain/i686-elf/lib/gcc/i686-elf/13.3.0/libgcc.a(_udivdi3.o)
 .debug_str     0x0000128e      0x1e3 /home/mm8/Documents/OS/MM8/MM8-OS/toolchain/i686-elf/lib/gcc/i686-elf/13.3.0/libgcc.a(_umoddi3.o)

.debug_line_str
                0x00000000      0x80d
 .debug_line_str
                0x00000000       0x92 /home/mm8/Documents/OS/MM8/MM8-OS/build/stage2/c/ctype.obj
 .debug_line_str
                0x00000092       0xa5 /home/mm8/Documents/OS/MM8/MM8-OS/build/stage2/c/disk.obj
 .debug_line_str
                0x00000137       0xc4 /home/mm8/Documents/OS/MM8/MM8-OS/build/stage2/c/fat.obj
 .debug_line_str
                0x000001fb       0xa0 /home/mm8/Documents/OS/MM8/MM8-OS/build/stage2/c/graphics.obj
 .debug_line_str
                0x0000029b       0xcd /home/mm8/Documents/OS/MM8/MM8-OS/build/stage2/c/main.obj
 .debug_line_str
                0x00000368       0x94 /home/mm8/Documents/OS/MM8/MM8-OS/build/stage2/c/memory.obj
 .debug_line_str
                0x000003fc       0xff /home/mm8/Documents/OS/MM8/MM8-OS/build/stage2/c/stdio.obj
 .debug_line_str
                0x000004fb       0x8b /home/mm8/Documents/OS/MM8/MM8-OS/build/stage2/c/string.obj
 .debug_line_str
                0x00000586       0x97 /home/mm8/Documents/OS/MM8/MM8-OS/build/stage2/c/utility.obj
 .debug_line_str
                0x0000061d       0xf8 /home/mm8/Documents/OS/MM8/MM8-OS/toolchain/i686-elf/lib/gcc/i686-elf/13.3.0/libgcc.a(_udivdi3.o)
 .debug_line_str
                0x00000715       0xf8 /home/mm8/Documents/OS/MM8/MM8-OS/toolchain/i686-elf/lib/gcc/i686-elf/13.3.0/libgcc.a(_umoddi3.o)

.comment        0x00000000       0xd1
 .comment       0x00000000       0x13 /home/mm8/Documents/OS/MM8/MM8-OS/build/stage2/c/ctype.obj
 .comment       0x00000013       0x13 /home/mm8/Documents/OS/MM8/MM8-OS/build/stage2/c/disk.obj
 .comment       0x00000026       0x13 /home/mm8/Documents/OS/MM8/MM8-OS/build/stage2/c/fat.obj
 .comment       0x00000039       0x13 /home/mm8/Documents/OS/MM8/MM8-OS/build/stage2/c/graphics.obj
 .comment       0x0000004c       0x13 /home/mm8/Documents/OS/MM8/MM8-OS/build/stage2/c/main.obj
 .comment       0x0000005f       0x13 /home/mm8/Documents/OS/MM8/MM8-OS/build/stage2/c/memory.obj
 .comment       0x00000072       0x13 /home/mm8/Documents/OS/MM8/MM8-OS/build/stage2/c/stdio.obj
 .comment       0x00000085       0x13 /home/mm8/Documents/OS/MM8/MM8-OS/build/stage2/c/string.obj
 .comment       0x00000098       0x13 /home/mm8/Documents/OS/MM8/MM8-OS/build/stage2/c/utility.obj
 .comment       0x000000ab       0x13 /home/mm8/Documents/OS/MM8/MM8-OS/toolchain/i686-elf/lib/gcc/i686-elf/13.3.0/libgcc.a(_udivdi3.o)
 .comment       0x000000be       0x13 /home/mm8/Documents/OS/MM8/MM8-OS/toolchain/i686-elf/lib/gcc/i686-elf/13.3.0/libgcc.a(_umoddi3.o)

.debug_frame    0x00000000      0x590
 .debug_frame   0x00000000       0x54 /home/mm8/Documents/OS/MM8/MM8-OS/build/stage2/c/ctype.obj
 .debug_frame   0x00000054       0x80 /home/mm8/Documents/OS/MM8/MM8-OS/build/stage2/c/disk.obj
 .debug_frame   0x000000d4      0x184 /home/mm8/Documents/OS/MM8/MM8-OS/build/stage2/c/fat.obj
 .debug_frame   0x00000258       0x34 /home/mm8/Documents/OS/MM8/MM8-OS/build/stage2/c/graphics.obj
 .debug_frame   0x0000028c       0x30 /home/mm8/Documents/OS/MM8/MM8-OS/build/stage2/c/main.obj
 .debug_frame   0x000002bc       0x74 /home/mm8/Documents/OS/MM8/MM8-OS/build/stage2/c/memory.obj
 .debug_frame   0x00000330      0x1b8 /home/mm8/Documents/OS/MM8/MM8-OS/build/stage2/c/stdio.obj
 .debug_frame   0x000004e8       0x74 /home/mm8/Documents/OS/MM8/MM8-OS/build/stage2/c/string.obj
 .debug_frame   0x0000055c       0x34 /home/mm8/Documents/OS/MM8/MM8-OS/build/stage2/c/utility.obj

.debug_loclists
                0x00000000      0x978
 .debug_loclists
                0x00000000      0x50c /home/mm8/Documents/OS/MM8/MM8-OS/toolchain/i686-elf/lib/gcc/i686-elf/13.3.0/libgcc.a(_udivdi3.o)
 .debug_loclists
                0x0000050c      0x46c /home/mm8/Documents/OS/MM8/MM8-OS/toolchain/i686-elf/lib/gcc/i686-elf/13.3.0/libgcc.a(_umoddi3.o)

.debug_rnglists
                0x00000000       0x49
 .debug_rnglists
                0x00000000       0x2a /home/mm8/Documents/OS/MM8/MM8-OS/toolchain/i686-elf/lib/gcc/i686-elf/13.3.0/libgcc.a(_udivdi3.o)
 .debug_rnglists
                0x0000002a       0x1f /home/mm8/Documents/OS/MM8/MM8-OS/toolchain/i686-elf/lib/gcc/i686-elf/13.3.0/libgcc.a(_umoddi3.o)
